Product: MDK-ARM Professional 5.10
Component: ARM Compiler 5.04 update 1 (build 49)
Tool: armlink [5040049]

==============================================================================

Section Cross References

    main.o(i.Codec_TIMEOUT_UserCallback) refers to stm32f4_evb_lcd.o(i.LCD_GetFont) for LCD_GetFont
    main.o(i.Codec_TIMEOUT_UserCallback) refers to stm32f4_evb_lcd.o(i.LCD_DisplayStringLine) for LCD_DisplayStringLine
    main.o(i.Delay) refers to main.o(.data) for uwTimingDelay
    main.o(i.EVAL_AUDIO_Error_CallBack) refers to stm32f4_evb_lcd.o(i.LCD_SetBackColor) for LCD_SetBackColor
    main.o(i.EVAL_AUDIO_Error_CallBack) refers to stm32f4_evb_lcd.o(i.LCD_GetFont) for LCD_GetFont
    main.o(i.EVAL_AUDIO_Error_CallBack) refers to stm32f4_evb_lcd.o(i.LCD_DisplayStringLine) for LCD_DisplayStringLine
    main.o(i.LCD_task) refers to stm32f4_evb_lcd.o(i.LCD_Init) for LCD_Init
    main.o(i.LCD_task) refers to stm32f4_evb_lcd.o(i.LCD_Clear) for LCD_Clear
    main.o(i.LCD_task) refers to stm32f4_evb_lcd.o(i.LCD_Colorbar) for LCD_Colorbar
    main.o(i.LCD_task) refers to stm32f4_evb_lcd.o(i.LCD_SetBackColor) for LCD_SetBackColor
    main.o(i.LCD_task) refers to stm32f4_evb_lcd.o(i.LCD_SetTextColor) for LCD_SetTextColor
    main.o(i.LCD_task) refers to stm32f4_evb_lcd.o(i.LCD_GetFont) for LCD_GetFont
    main.o(i.LCD_task) refers to stm32f4_evb_lcd.o(i.LCD_DisplayStringLine) for LCD_DisplayStringLine
    main.o(i.LCD_task) refers to tasks.o(i.vTaskDelay) for vTaskDelay
    main.o(i.LED_task) refers to stm32f4_evb.o(i.STM_EVAL_LEDInit) for STM_EVAL_LEDInit
    main.o(i.LED_task) refers to stm32f4_evb.o(i.STM_EVAL_LEDToggle) for STM_EVAL_LEDToggle
    main.o(i.LED_task) refers to tasks.o(i.vTaskDelay) for vTaskDelay
    main.o(i.Time_Update) refers to main.o(.data) for LocalTime
    main.o(i.TimingDelay_Decrement) refers to main.o(.data) for uwTimingDelay
    main.o(i.main) refers to stm32f4xx_rcc.o(i.RCC_GetClocksFreq) for RCC_GetClocksFreq
    main.o(i.main) refers to stm32f4xx_rcc.o(i.RCC_AHB2PeriphClockCmd) for RCC_AHB2PeriphClockCmd
    main.o(i.main) refers to stm32f4_evb_fsmc_psram.o(i.PSRAM_Init) for PSRAM_Init
    main.o(i.main) refers to system_stm32f4xx.o(i.SystemInit) for SystemInit
    main.o(i.main) refers to tasks.o(i.xTaskGenericCreate) for xTaskGenericCreate
    main.o(i.main) refers to tasks.o(i.vTaskStartScheduler) for vTaskStartScheduler
    main.o(i.main) refers to main.o(i.LED_task) for LED_task
    main.o(i.main) refers to main.o(i.LCD_task) for LCD_task
    stm32f4xx_it.o(i.USART1_IRQHandler) refers to stm32f4xx_usart.o(i.USART_ReceiveData) for USART_ReceiveData
    stm32f4xx_it.o(i.USART1_IRQHandler) refers to stm32f4xx_usart.o(i.USART_SendData) for USART_SendData
    event_groups.o(i.vEventGroupClearBitsCallback) refers to event_groups.o(i.xEventGroupClearBits) for xEventGroupClearBits
    event_groups.o(i.vEventGroupDelete) refers to tasks.o(i.vTaskSuspendAll) for vTaskSuspendAll
    event_groups.o(i.vEventGroupDelete) refers to port.o(.emb_text) for ulPortSetInterruptMask
    event_groups.o(i.vEventGroupDelete) refers to tasks.o(i.xTaskRemoveFromUnorderedEventList) for xTaskRemoveFromUnorderedEventList
    event_groups.o(i.vEventGroupDelete) refers to heap_1.o(i.vPortFree) for vPortFree
    event_groups.o(i.vEventGroupDelete) refers to tasks.o(i.xTaskResumeAll) for xTaskResumeAll
    event_groups.o(i.vEventGroupSetBitsCallback) refers to event_groups.o(i.xEventGroupSetBits) for xEventGroupSetBits
    event_groups.o(i.xEventGroupClearBits) refers to port.o(.emb_text) for ulPortSetInterruptMask
    event_groups.o(i.xEventGroupClearBits) refers to port.o(i.vPortEnterCritical) for vPortEnterCritical
    event_groups.o(i.xEventGroupClearBits) refers to port.o(i.vPortExitCritical) for vPortExitCritical
    event_groups.o(i.xEventGroupCreate) refers to heap_1.o(i.pvPortMalloc) for pvPortMalloc
    event_groups.o(i.xEventGroupCreate) refers to list.o(i.vListInitialise) for vListInitialise
    event_groups.o(i.xEventGroupGetBitsFromISR) refers to port.o(.emb_text) for ulPortSetInterruptMask
    event_groups.o(i.xEventGroupSetBits) refers to port.o(.emb_text) for ulPortSetInterruptMask
    event_groups.o(i.xEventGroupSetBits) refers to tasks.o(i.vTaskSuspendAll) for vTaskSuspendAll
    event_groups.o(i.xEventGroupSetBits) refers to tasks.o(i.xTaskRemoveFromUnorderedEventList) for xTaskRemoveFromUnorderedEventList
    event_groups.o(i.xEventGroupSetBits) refers to tasks.o(i.xTaskResumeAll) for xTaskResumeAll
    event_groups.o(i.xEventGroupSync) refers to port.o(.emb_text) for ulPortSetInterruptMask
    event_groups.o(i.xEventGroupSync) refers to tasks.o(i.xTaskGetSchedulerState) for xTaskGetSchedulerState
    event_groups.o(i.xEventGroupSync) refers to tasks.o(i.vTaskSuspendAll) for vTaskSuspendAll
    event_groups.o(i.xEventGroupSync) refers to event_groups.o(i.xEventGroupSetBits) for xEventGroupSetBits
[...]
    ..\src\heap_1.c                          0x00000000   Number         0  heap_1.o ABSOLUTE
    ..\src\list.c                            0x00000000   Number         0  list.o ABSOLUTE
    ..\src\main.c                            0x00000000   Number         0  main.o ABSOLUTE
    ..\src\netconf.c                         0x00000000   Number         0  netconf.o ABSOLUTE
    ..\src\port.c                            0x00000000   Number         0  port.o ABSOLUTE
    ..\src\queue.c                           0x00000000   Number         0  queue.o ABSOLUTE
    ..\src\stm32f4x7_eth_bsp.c               0x00000000   Number         0  stm32f4x7_eth_bsp.o ABSOLUTE
    ..\src\stm32f4xx_it.c                    0x00000000   Number         0  stm32f4xx_it.o ABSOLUTE
    ..\src\system_stm32f4xx.c                0x00000000   Number         0  system_stm32f4xx.o ABSOLUTE
    ..\src\tasks.c                           0x00000000   Number         0  tasks.o ABSOLUTE
    ..\src\tcp_echoclient.c                  0x00000000   Number         0  tcp_echoclient.o ABSOLUTE
    ..\src\timers.c                          0x00000000   Number         0  timers.o ABSOLUTE
    ..\src\usb_bsp.c                         0x00000000   Number         0  usb_bsp.o ABSOLUTE
    ..\src\usbd_cdc_vcp.c                    0x00000000   Number         0  usbd_cdc_vcp.o ABSOLUTE
    ..\src\usbd_desc.c                       0x00000000   Number         0  usbd_desc.o ABSOLUTE
    ..\src\usbd_usr.c                        0x00000000   Number         0  usbd_usr.o ABSOLUTE
    cdcmple.s                                0x00000000   Number         0  cdcmple.o ABSOLUTE
    cdrcmple.s                               0x00000000   Number         0  cdrcmple.o ABSOLUTE
    dc.s                                     0x00000000   Number         0  dc.o ABSOLUTE
    handlers.s                               0x00000000   Number         0  handlers.o ABSOLUTE
    init.s                                   0x00000000   Number         0  init.o ABSOLUTE
    RESET                                    0x08000000   Section      404  startup_stm32f40xx.o(RESET)
    .ARM.Collect$$$$00000000                 0x08000194   Section        0  entry.o(.ARM.Collect$$$$00000000)
    .ARM.Collect$$$$00000001                 0x08000194   Section        4  entry2.o(.ARM.Collect$$$$00000001)
    .ARM.Collect$$$$00000004                 0x08000198   Section        4  entry5.o(.ARM.Collect$$$$00000004)
    .ARM.Collect$$$$00000008                 0x0800019c   Section        0  entry7b.o(.ARM.Collect$$$$00000008)
    .ARM.Collect$$$$0000000A                 0x0800019c   Section        0  entry8b.o(.ARM.Collect$$$$0000000A)
    .ARM.Collect$$$$0000000B                 0x0800019c   Section        8  entry9a.o(.ARM.Collect$$$$0000000B)
    .ARM.Collect$$$$0000000D                 0x080001a4   Section        0  entry10a.o(.ARM.Collect$$$$0000000D)
    .ARM.Collect$$$$0000000F                 0x080001a4   Section        0  entry11a.o(.ARM.Collect$$$$0000000F)
    .ARM.Collect$$$$00002712                 0x080001a4   Section        4  entry2.o(.ARM.Collect$$$$00002712)
    __lit__00000000                          0x080001a4   Data           4  entry2.o(.ARM.Collect$$$$00002712)
    .emb_text                                0x080001a8   Section      194  port.o(.emb_text)
    $v0                                      0x080001a8   Number         0  port.o(.emb_text)
    .text                                    0x0800026c   Section       36  startup_stm32f40xx.o(.text)
    $v0                                      0x0800026c   Number         0  startup_stm32f40xx.o(.text)
    .text                                    0x08000290   Section        0  memcpya.o(.text)
    .text                                    0x080002b4   Section        0  memseta.o(.text)
    .text                                    0x080002d8   Section       36  init.o(.text)
    .text                                    0x080002fc   Section        0  __dczerorl2.o(.text)
    i.BusFault_Handler                       0x08000352   Section        0  stm32f4xx_it.o(i.BusFault_Handler)
    i.DCD_EP_Close                           0x08000356   Section        0  usb_dcd.o(i.DCD_EP_Close)
    i.DCD_EP_Open                            0x080003a0   Section        0  usb_dcd.o(i.DCD_EP_Open)
    i.DCD_EP_PrepareRx                       0x08000408   Section        0  usb_dcd.o(i.DCD_EP_PrepareRx)
    i.DCD_EP_Stall                           0x0800045a   Section        0  usb_dcd.o(i.DCD_EP_Stall)
    i.DCD_EP_Tx                              0x080004a2   Section        0  usb_dcd.o(i.DCD_EP_Tx)
    i.DMA1_Stream4_IRQHandler                0x080004f0   Section        0  stm32f4_evb_audio_codec.o(i.DMA1_Stream4_IRQHandler)
    i.DMA_ClearFlag                          0x080005b8   Section        0  stm32f4xx_dma.o(i.DMA_ClearFlag)
    i.DMA_Cmd                                0x080005ec   Section        0  stm32f4xx_dma.o(i.DMA_Cmd)
    i.DMA_Config                             0x08000604   Section        0  stm32f4_evb_lcd.o(i.DMA_Config)
    i.DMA_DeInit                             0x080006d0   Section        0  stm32f4xx_dma.o(i.DMA_DeInit)
    i.DMA_GetCmdStatus                       0x08000828   Section        0  stm32f4xx_dma.o(i.DMA_GetCmdStatus)
    i.DMA_GetFlagStatus                      0x0800083c   Section        0  stm32f4xx_dma.o(i.DMA_GetFlagStatus)
    i.DMA_Init                               0x08000880   Section        0  stm32f4xx_dma.o(i.DMA_Init)
    i.DebugMon_Handler                       0x080008d8   Section        0  stm32f4xx_it.o(i.DebugMon_Handler)
    i.EVAL_AUDIO_TransferComplete_CallBack   0x080008da   Section        0  main.o(i.EVAL_AUDIO_TransferComplete_CallBack)
    i.FSMC_NORSRAMCmd                        0x080008dc   Section        0  stm32f4xx_fsmc.o(i.FSMC_NORSRAMCmd)
    i.FSMC_NORSRAMInit                       0x08000910   Section        0  stm32f4xx_fsmc.o(i.FSMC_NORSRAMInit)
    i.GPIO_Init                              0x080009f6   Section        0  stm32f4xx_gpio.o(i.GPIO_Init)
    i.GPIO_PinAFConfig                       0x08000a86   Section        0  stm32f4xx_gpio.o(i.GPIO_PinAFConfig)
    i.Handle_USBAsynchXfer                   0x08000acc   Section        0  usbd_cdc_core.o(i.Handle_USBAsynchXfer)
    Handle_USBAsynchXfer                     0x08000acd   Thumb Code   190  usbd_cdc_core.o(i.Handle_USBAsynchXfer)
    i.HardFault_Handler                      0x08000ba0   Section        0  stm32f4xx_it.o(i.HardFault_Handler)
    i.LCD_Blending                           0x08000ba4   Section        0  stm32f4_evb_lcd.o(i.LCD_Blending)
    i.LCD_Clear                              0x08000be4   Section        0  stm32f4_evb_lcd.o(i.LCD_Clear)
    i.LCD_Colorbar                           0x08000c0c   Section        0  stm32f4_evb_lcd.o(i.LCD_Colorbar)
    i.LCD_CtrlLinesConfig                    0x08000d00   Section        0  stm32f4_evb_lcd.o(i.LCD_CtrlLinesConfig)
    i.LCD_DisplayChar                        0x08000e30   Section        0  stm32f4_evb_lcd.o(i.LCD_DisplayChar)
    i.LCD_DisplayStringLine                  0x08000e60   Section        0  stm32f4_evb_lcd.o(i.LCD_DisplayStringLine)
    i.LCD_DrawChar                           0x08000ea8   Section        0  stm32f4_evb_lcd.o(i.LCD_DrawChar)
    i.LCD_FSMCConfig                         0x08000f54   Section        0  stm32f4_evb_lcd.o(i.LCD_FSMCConfig)
    i.LCD_GetFont                            0x08000fb8   Section        0  stm32f4_evb_lcd.o(i.LCD_GetFont)
    i.LCD_Init                               0x08000fc4   Section        0  stm32f4_evb_lcd.o(i.LCD_Init)
    i.LCD_SetBackColor                       0x0800107c   Section        0  stm32f4_evb_lcd.o(i.LCD_SetBackColor)
    i.LCD_SetFont                            0x0800108c   Section        0  stm32f4_evb_lcd.o(i.LCD_SetFont)
    i.LCD_SetTextColor                       0x08001098   Section        0  stm32f4_evb_lcd.o(i.LCD_SetTextColor)
    i.LCD_task                               0x080010a8   Section        0  main.o(i.LCD_task)
    LCD_task                                 0x080010a9   Thumb Code   166  main.o(i.LCD_task)
    i.LED_task                               0x080011a4   Section        0  main.o(i.LED_task)
    LED_task                                 0x080011a5   Thumb Code    78  main.o(i.LED_task)
    i.MemManage_Handler                      0x080011f2   Section        0  stm32f4xx_it.o(i.MemManage_Handler)
    i.NMI_Handler                            0x080011f6   Section        0  stm32f4xx_it.o(i.NMI_Handler)
    i.NVIC_Init                              0x080011f8   Section        0  misc.o(i.NVIC_Init)
    i.PSRAM_Init                             0x08001270   Section        0  stm32f4_evb_fsmc_psram.o(i.PSRAM_Init)
    i.RCC_AHB1PeriphClockCmd                 0x08001500   Section        0  stm32f4xx_rcc.o(i.RCC_AHB1PeriphClockCmd)
    i.RCC_AHB2PeriphClockCmd                 0x08001520   Section        0  stm32f4xx_rcc.o(i.RCC_AHB2PeriphClockCmd)
    i.RCC_AHB3PeriphClockCmd                 0x08001540   Section        0  stm32f4xx_rcc.o(i.RCC_AHB3PeriphClockCmd)
    i.RCC_APB2PeriphClockCmd                 0x08001560   Section        0  stm32f4xx_rcc.o(i.RCC_APB2PeriphClockCmd)
    i.RCC_GetClocksFreq                      0x08001580   Section        0  stm32f4xx_rcc.o(i.RCC_GetClocksFreq)
    i.STM_EVAL_COMInit                       0x08001668   Section        0  stm32f4_evb.o(i.STM_EVAL_COMInit)
    i.STM_EVAL_LEDInit                       0x08001778   Section        0  stm32f4_evb.o(i.STM_EVAL_LEDInit)
    i.STM_EVAL_LEDToggle                     0x080017c4   Section        0  stm32f4_evb.o(i.STM_EVAL_LEDToggle)
    i.SetSysClock                            0x080017e8   Section        0  system_stm32f4xx.o(i.SetSysClock)
    SetSysClock                              0x080017e9   Thumb Code   220  system_stm32f4xx.o(i.SetSysClock)
    i.SysTick_Handler                        0x080018d4   Section        0  port.o(i.SysTick_Handler)
    i.SystemInit                             0x080018f4   Section        0  system_stm32f4xx.o(i.SystemInit)
    i.USART1_IRQHandler                      0x0800195c   Section        0  stm32f4xx_it.o(i.USART1_IRQHandler)
    i.USART3_IRQHandler                      0x08001978   Section        0  usbd_cdc_vcp.o(i.USART3_IRQHandler)
    i.USART_Cmd                              0x080019a4   Section        0  stm32f4xx_usart.o(i.USART_Cmd)
    i.USART_GetFlagStatus                    0x080019bc   Section        0  stm32f4xx_usart.o(i.USART_GetFlagStatus)
    i.USART_GetITStatus                      0x080019d6   Section        0  stm32f4xx_usart.o(i.USART_GetITStatus)
    i.USART_ITConfig                         0x08001a2a   Section        0  stm32f4xx_usart.o(i.USART_ITConfig)
    i.USART_Init                             0x08001a74   Section        0  stm32f4xx_usart.o(i.USART_Init)
    i.USART_ReceiveData                      0x08001b48   Section        0  stm32f4xx_usart.o(i.USART_ReceiveData)
    i.USART_SendData                         0x08001b52   Section        0  stm32f4xx_usart.o(i.USART_SendData)
    i.USBD_CtlError                          0x08001b5a   Section        0  usbd_req.o(i.USBD_CtlError)
    i.USBD_CtlPrepareRx                      0x08001b78   Section        0  usbd_ioreq.o(i.USBD_CtlPrepareRx)
    i.USBD_CtlSendData                       0x08001ba6   Section        0  usbd_ioreq.o(i.USBD_CtlSendData)
    i.USBD_GetLen                            0x08001bd4   Section        0  usbd_req.o(i.USBD_GetLen)
    USBD_GetLen                              0x08001bd5   Thumb Code    20  usbd_req.o(i.USBD_GetLen)
    i.USBD_GetString                         0x08001be8   Section        0  usbd_req.o(i.USBD_GetString)
    i.USBD_USR_ConfigStrDescriptor           0x08001c3c   Section        0  usbd_desc.o(i.USBD_USR_ConfigStrDescriptor)
    i.USBD_USR_DeviceDescriptor              0x08001c70   Section        0  usbd_desc.o(i.USBD_USR_DeviceDescriptor)
    i.USBD_USR_InterfaceStrDescriptor        0x08001c80   Section        0  usbd_desc.o(i.USBD_USR_InterfaceStrDescriptor)
    i.USBD_USR_LangIDStrDescriptor           0x08001cb8   Section        0  usbd_desc.o(i.USBD_USR_LangIDStrDescriptor)
    i.USBD_USR_ManufacturerStrDescriptor     0x08001cc8   Section        0  usbd_desc.o(i.USBD_USR_ManufacturerStrDescriptor)
    i.USBD_USR_ProductStrDescriptor          0x08001cf4   Section        0  usbd_desc.o(i.USBD_USR_ProductStrDescriptor)
    i.USBD_USR_SerialStrDescriptor           0x08001d64   Section        0  usbd_desc.o(i.USBD_USR_SerialStrDescriptor)
    i.USBD_cdc_GetCfgDesc                    0x08001dac   Section        0  usbd_cdc_core.o(i.USBD_cdc_GetCfgDesc)
    USBD_cdc_GetCfgDesc                      0x08001dad   Thumb Code    10  usbd_cdc_core.o(i.USBD_cdc_GetCfgDesc)
    i.USBD_cdc_GetOtherCfgDesc               0x08001dbc   Section        0  usbd_cdc_core.o(i.USBD_cdc_GetOtherCfgDesc)
    USBD_cdc_GetOtherCfgDesc                 0x08001dbd   Thumb Code    10  usbd_cdc_core.o(i.USBD_cdc_GetOtherCfgDesc)
    i.USB_OTG_EP0StartXfer                   0x08001dcc   Section        0  usb_core.o(i.USB_OTG_EP0StartXfer)
    i.USB_OTG_EP0_OutStart                   0x08001f22   Section        0  usb_core.o(i.USB_OTG_EP0_OutStart)
    i.USB_OTG_EPActivate                     0x08001f84   Section        0  usb_core.o(i.USB_OTG_EPActivate)
    i.USB_OTG_EPDeactivate                   0x08002034   Section        0  usb_core.o(i.USB_OTG_EPDeactivate)
    i.USB_OTG_EPSetStall                     0x080020aa   Section        0  usb_core.o(i.USB_OTG_EPSetStall)
    i.USB_OTG_EPStartXfer                    0x0800210e   Section        0  usb_core.o(i.USB_OTG_EPStartXfer)
    i.USB_OTG_WritePacket                    0x08002304   Section        0  usb_core.o(i.USB_OTG_WritePacket)
    i.UsageFault_Handler                     0x08002344   Section        0  stm32f4xx_it.o(i.UsageFault_Handler)
    i.VCP_COMConfig                          0x08002348   Section        0  usbd_cdc_vcp.o(i.VCP_COMConfig)
    VCP_COMConfig                            0x08002349   Thumb Code   250  usbd_cdc_vcp.o(i.VCP_COMConfig)
    i.VCP_Ctrl                               0x08002450   Section        0  usbd_cdc_vcp.o(i.VCP_Ctrl)
    VCP_Ctrl                                 0x08002451   Thumb Code   164  usbd_cdc_vcp.o(i.VCP_Ctrl)
    i.VCP_DataRx                             0x080024f8   Section        0  usbd_cdc_vcp.o(i.VCP_DataRx)
    VCP_DataRx                               0x080024f9   Thumb Code    42  usbd_cdc_vcp.o(i.VCP_DataRx)
    i.VCP_DataTx                             0x08002528   Section        0  usbd_cdc_vcp.o(i.VCP_DataTx)
    VCP_DataTx                               0x08002529   Thumb Code    84  usbd_cdc_vcp.o(i.VCP_DataTx)
    i.VCP_DeInit                             0x0800258c   Section        0  usbd_cdc_vcp.o(i.VCP_DeInit)
    VCP_DeInit                               0x0800258d   Thumb Code     4  usbd_cdc_vcp.o(i.VCP_DeInit)
    i.VCP_Init                               0x08002590   Section        0  usbd_cdc_vcp.o(i.VCP_Init)
    VCP_Init                                 0x08002591   Thumb Code    80  usbd_cdc_vcp.o(i.VCP_Init)
    i.__scatterload_copy                     0x080025e8   Section       14  handlers.o(i.__scatterload_copy)
    i.__scatterload_null                     0x080025f6   Section        2  handlers.o(i.__scatterload_null)
    i.__scatterload_zeroinit                 0x080025f8   Section       14  handlers.o(i.__scatterload_zeroinit)
    i.delay                                  0x08002608   Section        0  stm32f4_evb_lcd.o(i.delay)
    delay                                    0x08002609   Thumb Code    32  stm32f4_evb_lcd.o(i.delay)
    i.main                                   0x0800262c   Section        0  main.o(i.main)
    i.prvAddCurrentTaskToDelayedList         0x080026f0   Section        0  tasks.o(i.prvAddCurrentTaskToDelayedList)
    prvAddCurrentTaskToDelayedList           0x080026f1   Thumb Code    62  tasks.o(i.prvAddCurrentTaskToDelayedList)
    i.prvAllocateTCBAndStack                 0x08002744   Section        0  tasks.o(i.prvAllocateTCBAndStack)
    prvAllocateTCBAndStack                   0x08002745   Thumb Code    58  tasks.o(i.prvAllocateTCBAndStack)
    i.prvCheckForValidListAndQueue           0x08002780   Section        0  timers.o(i.prvCheckForValidListAndQueue)
    prvCheckForValidListAndQueue             0x08002781   Thumb Code    86  timers.o(i.prvCheckForValidListAndQueue)
    i.prvCheckTasksWaitingTermination        0x080027f4   Section        0  tasks.o(i.prvCheckTasksWaitingTermination)
    prvCheckTasksWaitingTermination          0x080027f5   Thumb Code    86  tasks.o(i.prvCheckTasksWaitingTermination)
    i.prvCopyDataFromQueue                   0x08002858   Section        0  queue.o(i.prvCopyDataFromQueue)
    prvCopyDataFromQueue                     0x08002859   Thumb Code    42  queue.o(i.prvCopyDataFromQueue)
    i.prvCopyDataToQueue                     0x08002882   Section        0  queue.o(i.prvCopyDataToQueue)
    prvCopyDataToQueue                       0x08002883   Thumb Code   118  queue.o(i.prvCopyDataToQueue)
    i.prvDeleteTCB                           0x080028f8   Section        0  tasks.o(i.prvDeleteTCB)
    prvDeleteTCB                             0x080028f9   Thumb Code    18  tasks.o(i.prvDeleteTCB)
    i.prvGetNextExpireTime                   0x0800290c   Section        0  timers.o(i.prvGetNextExpireTime)
    prvGetNextExpireTime                     0x0800290d   Thumb Code    36  timers.o(i.prvGetNextExpireTime)
    i.prvIdleTask                            0x08002934   Section        0  tasks.o(i.prvIdleTask)
    prvIdleTask                              0x08002935   Thumb Code    24  tasks.o(i.prvIdleTask)
    i.prvInitialiseTCBVariables              0x08002950   Section        0  tasks.o(i.prvInitialiseTCBVariables)
    prvInitialiseTCBVariables                0x08002951   Thumb Code    86  tasks.o(i.prvInitialiseTCBVariables)
    i.prvInitialiseTaskLists                 0x080029a8   Section        0  tasks.o(i.prvInitialiseTaskLists)
    prvInitialiseTaskLists                   0x080029a9   Thumb Code    70  tasks.o(i.prvInitialiseTaskLists)
    i.prvInsertTimerInActiveList             0x08002a10   Section        0  timers.o(i.prvInsertTimerInActiveList)
    prvInsertTimerInActiveList               0x08002a11   Thumb Code    80  timers.o(i.prvInsertTimerInActiveList)
    i.prvIsQueueEmpty                        0x08002a68   Section        0  queue.o(i.prvIsQueueEmpty)
    prvIsQueueEmpty                          0x08002a69   Thumb Code    26  queue.o(i.prvIsQueueEmpty)
    i.prvIsQueueFull                         0x08002a82   Section        0  queue.o(i.prvIsQueueFull)
    prvIsQueueFull                           0x08002a83   Thumb Code    30  queue.o(i.prvIsQueueFull)
    i.prvProcessExpiredTimer                 0x08002aa0   Section        0  timers.o(i.prvProcessExpiredTimer)
    prvProcessExpiredTimer                   0x08002aa1   Thumb Code    82  timers.o(i.prvProcessExpiredTimer)
    i.prvProcessReceivedCommands             0x08002af8   Section        0  timers.o(i.prvProcessReceivedCommands)
    prvProcessReceivedCommands               0x08002af9   Thumb Code   216  timers.o(i.prvProcessReceivedCommands)
    i.prvProcessTimerOrBlockTask             0x08002bd4   Section        0  timers.o(i.prvProcessTimerOrBlockTask)
    prvProcessTimerOrBlockTask               0x08002bd5   Thumb Code    70  timers.o(i.prvProcessTimerOrBlockTask)
    i.prvResetNextTaskUnblockTime            0x08002c20   Section        0  tasks.o(i.prvResetNextTaskUnblockTime)
    prvResetNextTaskUnblockTime              0x08002c21   Thumb Code    42  tasks.o(i.prvResetNextTaskUnblockTime)
    i.prvSampleTimeNow                       0x08002c54   Section        0  timers.o(i.prvSampleTimeNow)
    prvSampleTimeNow                         0x08002c55   Thumb Code    40  timers.o(i.prvSampleTimeNow)
    i.prvSwitchTimerLists                    0x08002c80   Section        0  timers.o(i.prvSwitchTimerLists)
    prvSwitchTimerLists                      0x08002c81   Thumb Code   136  timers.o(i.prvSwitchTimerLists)
    i.prvTaskExitError                       0x08002d10   Section        0  port.o(i.prvTaskExitError)
    prvTaskExitError                         0x08002d11   Thumb Code    32  port.o(i.prvTaskExitError)
    i.prvTimerTask                           0x08002d34   Section        0  timers.o(i.prvTimerTask)
    prvTimerTask                             0x08002d35   Thumb Code    26  timers.o(i.prvTimerTask)
    i.prvUnlockQueue                         0x08002d4e   Section        0  queue.o(i.prvUnlockQueue)
    prvUnlockQueue                           0x08002d4f   Thumb Code   126  queue.o(i.prvUnlockQueue)
    i.pvPortMalloc                           0x08002dcc   Section        0  heap_1.o(i.pvPortMalloc)
    i.pxPortInitialiseStack                  0x08002e44   Section        0  port.o(i.pxPortInitialiseStack)
    i.usbd_cdc_DataIn                        0x08002e6c   Section        0  usbd_cdc_core.o(i.usbd_cdc_DataIn)
    usbd_cdc_DataIn                          0x08002e6d   Thumb Code   128  usbd_cdc_core.o(i.usbd_cdc_DataIn)
    i.usbd_cdc_DataOut                       0x08002efc   Section        0  usbd_cdc_core.o(i.usbd_cdc_DataOut)
    usbd_cdc_DataOut                         0x08002efd   Thumb Code    50  usbd_cdc_core.o(i.usbd_cdc_DataOut)
    i.usbd_cdc_DeInit                        0x08002f38   Section        0  usbd_cdc_core.o(i.usbd_cdc_DeInit)
    usbd_cdc_DeInit                          0x08002f39   Thumb Code    40  usbd_cdc_core.o(i.usbd_cdc_DeInit)
    i.usbd_cdc_EP0_RxReady                   0x08002f64   Section        0  usbd_cdc_core.o(i.usbd_cdc_EP0_RxReady)
    usbd_cdc_EP0_RxReady                     0x08002f65   Thumb Code    38  usbd_cdc_core.o(i.usbd_cdc_EP0_RxReady)
    i.usbd_cdc_Init                          0x08002f9c   Section        0  usbd_cdc_core.o(i.usbd_cdc_Init)
    usbd_cdc_Init                            0x08002f9d   Thumb Code    76  usbd_cdc_core.o(i.usbd_cdc_Init)
    i.usbd_cdc_SOF                           0x08002ff4   Section        0  usbd_cdc_core.o(i.usbd_cdc_SOF)
    usbd_cdc_SOF                             0x08002ff5   Thumb Code    36  usbd_cdc_core.o(i.usbd_cdc_SOF)
    i.usbd_cdc_Setup                         0x0800301c   Section        0  usbd_cdc_core.o(i.usbd_cdc_Setup)
    usbd_cdc_Setup                           0x0800301d   Thumb Code   218  usbd_cdc_core.o(i.usbd_cdc_Setup)
    i.uxListRemove                           0x08003110   Section        0  list.o(i.uxListRemove)
    i.vApplicationIdleHook                   0x08003138   Section        0  main.o(i.vApplicationIdleHook)
    i.vApplicationMallocFailedHook           0x0800313a   Section        0  main.o(i.vApplicationMallocFailedHook)
    i.vApplicationTickHook                   0x0800313c   Section        0  main.o(i.vApplicationTickHook)
    i.vListInitialise                        0x0800313e   Section        0  list.o(i.vListInitialise)
    i.vListInitialiseItem                    0x08003158   Section        0  list.o(i.vListInitialiseItem)
    i.vListInsert                            0x0800315e   Section        0  list.o(i.vListInsert)
    i.vListInsertEnd                         0x08003192   Section        0  list.o(i.vListInsertEnd)
    i.vPortEnterCritical                     0x080031ac   Section        0  port.o(i.vPortEnterCritical)
    i.vPortExitCritical                      0x080031cc   Section        0  port.o(i.vPortExitCritical)
    i.vPortFree                              0x080031f8   Section        0  heap_1.o(i.vPortFree)
    i.vPortSetupTimerInterrupt               0x08003210   Section        0  port.o(i.vPortSetupTimerInterrupt)
    i.vPortValidateInterruptPriority         0x08003230   Section        0  port.o(i.vPortValidateInterruptPriority)
    i.vPortYield                             0x0800328c   Section        0  port.o(i.vPortYield)
    i.vQueueAddToRegistry                    0x080032a4   Section        0  queue.o(i.vQueueAddToRegistry)
    i.vQueueWaitForMessageRestricted         0x080032d0   Section        0  queue.o(i.vQueueWaitForMessageRestricted)
    i.vTaskDelay                             0x0800330c   Section        0  tasks.o(i.vTaskDelay)
    i.vTaskMissedYield                       0x08003360   Section        0  tasks.o(i.vTaskMissedYield)
    i.vTaskPlaceOnEventList                  0x0800336c   Section        0  tasks.o(i.vTaskPlaceOnEventList)
    i.vTaskPlaceOnEventListRestricted        0x080033c0   Section        0  tasks.o(i.vTaskPlaceOnEventListRestricted)
    i.vTaskPriorityDisinherit                0x080033fc   Section        0  tasks.o(i.vTaskPriorityDisinherit)
    i.vTaskPriorityInherit                   0x08003454   Section        0  tasks.o(i.vTaskPriorityInherit)
    i.vTaskSetTimeOutState                   0x080034e0   Section        0  tasks.o(i.vTaskSetTimeOutState)
    i.vTaskStartScheduler                    0x08003504   Section        0  tasks.o(i.vTaskStartScheduler)
    i.vTaskSuspendAll                        0x08003564   Section        0  tasks.o(i.vTaskSuspendAll)
    i.vTaskSwitchContext                     0x08003574   Section        0  tasks.o(i.vTaskSwitchContext)
    i.xPortStartScheduler                    0x08003604   Section        0  port.o(i.xPortStartScheduler)
    i.xQueueGenericCreate                    0x080036b8   Section        0  queue.o(i.xQueueGenericCreate)
    i.xQueueGenericReceive                   0x08003714   Section        0  queue.o(i.xQueueGenericReceive)
    i.xQueueGenericReset                     0x0800386e   Section        0  queue.o(i.xQueueGenericReset)
    i.xQueueGenericSend                      0x080038e6   Section        0  queue.o(i.xQueueGenericSend)
    i.xQueueGenericSendFromISR               0x08003a1a   Section        0  queue.o(i.xQueueGenericSendFromISR)
    i.xTaskCheckForTimeOut                   0x08003ac8   Section        0  tasks.o(i.xTaskCheckForTimeOut)
    i.xTaskGenericCreate                     0x08003b3c   Section        0  tasks.o(i.xTaskGenericCreate)
    i.xTaskGetCurrentTaskHandle              0x08003c74   Section        0  tasks.o(i.xTaskGetCurrentTaskHandle)
    i.xTaskGetSchedulerState                 0x08003c80   Section        0  tasks.o(i.xTaskGetSchedulerState)
    i.xTaskGetTickCount                      0x08003ca0   Section        0  tasks.o(i.xTaskGetTickCount)
    i.xTaskIncrementTick                     0x08003cb8   Section        0  tasks.o(i.xTaskIncrementTick)
    i.xTaskRemoveFromEventList               0x08003e00   Section        0  tasks.o(i.xTaskRemoveFromEventList)
    i.xTaskResumeAll                         0x08003e88   Section        0  tasks.o(i.xTaskResumeAll)
    i.xTimerCreateTimerTask                  0x08003f70   Section        0  timers.o(i.xTimerCreateTimerTask)
    i.xTimerGenericCommand                   0x08003fbc   Section        0  timers.o(i.xTimerGenericCommand)
    .constdata                               0x08004028   Section       92  stm32f4_evb.o(.constdata)
    .constdata                               0x08004084   Section    10704  stm32f4_evb_lcd.o(.constdata)
    .data                                    0x20000000   Section        8  heap_1.o(.data)
    xNextFreeByte                            0x20000000   Data           4  heap_1.o(.data)
    pucAlignedHeap                           0x20000004   Data           4  heap_1.o(.data)
    .data                                    0x20000008   Section       12  port.o(.data)
    uxCriticalNesting                        0x20000008   Data           4  port.o(.data)
    ucMaxSysCallPriority                     0x2000000c   Data           1  port.o(.data)
    ulMaxPRIGROUPValue                       0x20000010   Data           4  port.o(.data)
    .data                                    0x20000014   Section       56  tasks.o(.data)
    pxDelayedTaskList                        0x20000018   Data           4  tasks.o(.data)
    pxOverflowDelayedTaskList                0x2000001c   Data           4  tasks.o(.data)
    uxTasksDeleted                           0x20000020   Data           4  tasks.o(.data)
    uxCurrentNumberOfTasks                   0x20000024   Data           4  tasks.o(.data)
    xTickCount                               0x20000028   Data           4  tasks.o(.data)
    uxTopReadyPriority                       0x2000002c   Data           4  tasks.o(.data)
    xSchedulerRunning                        0x20000030   Data           4  tasks.o(.data)
    uxPendedTicks                            0x20000034   Data           4  tasks.o(.data)
    xYieldPending                            0x20000038   Data           4  tasks.o(.data)
    xNumOfOverflows                          0x2000003c   Data           4  tasks.o(.data)
    uxTaskNumber                             0x20000040   Data           4  tasks.o(.data)
    xNextTaskUnblockTime                     0x20000044   Data           4  tasks.o(.data)
    uxSchedulerSuspended                     0x20000048   Data           4  tasks.o(.data)
    .data                                    0x2000004c   Section       16  timers.o(.data)
    pxCurrentTimerList                       0x2000004c   Data           4  timers.o(.data)
    pxOverflowTimerList                      0x20000050   Data           4  timers.o(.data)
    xTimerQueue                              0x20000054   Data           4  timers.o(.data)
    xLastTime                                0x20000058   Data           4  timers.o(.data)
    .data                                    0x2000005c   Section       28  usbd_cdc_vcp.o(.data)
    .data                                    0x20000078   Section       60  usbd_desc.o(.data)
    .data                                    0x200000b4   Section       44  stm32f4_evb.o(.data)
    .data                                    0x200000e0   Section       44  stm32f4_evb_lcd.o(.data)
    LCD_Currentfonts                         0x20000100   Data           4  stm32f4_evb_lcd.o(.data)
    TextColor                                0x20000104   Data           2  stm32f4_evb_lcd.o(.data)
    BackColor                                0x20000106   Data           2  stm32f4_evb_lcd.o(.data)
    vram_buffer                              0x20000108   Data           4  stm32f4_evb_lcd.o(.data)
    .data                                    0x2000010c   Section       25  stm32f4_evb_audio_codec.o(.data)
    .data                                    0x20000125   Section       16  stm32f4xx_rcc.o(.data)
    APBAHBPrescTable                         0x20000125   Data          16  stm32f4xx_rcc.o(.data)
    .data                                    0x20000138   Section       20  system_stm32f4xx.o(.data)
    .data                                    0x2000014c   Section      224  usbd_cdc_core.o(.data)
    usbd_cdc_AltSet                          0x2000014c   Data           4  usbd_cdc_core.o(.data)
    cdcCmd                                   0x20000168   Data           4  usbd_cdc_core.o(.data)
    cdcLen                                   0x2000016c   Data           4  usbd_cdc_core.o(.data)
    FrameCount                               0x20000228   Data           4  usbd_cdc_core.o(.data)
    .bss                                     0x2000022c   Section    76800  heap_1.o(.bss)
    ucHeap                                   0x2000022c   Data       76800  heap_1.o(.bss)
    .bss                                     0x20012e2c   Section       64  queue.o(.bss)
    .bss                                     0x20012e6c   Section      200  tasks.o(.bss)
    pxReadyTasksLists                        0x20012e6c   Data         100  tasks.o(.bss)
    xDelayedTaskList1                        0x20012ed0   Data          20  tasks.o(.bss)
    xDelayedTaskList2                        0x20012ee4   Data          20  tasks.o(.bss)
    xPendingReadyList                        0x20012ef8   Data          20  tasks.o(.bss)
    xTasksWaitingTermination                 0x20012f0c   Data          20  tasks.o(.bss)
    xSuspendedTaskList                       0x20012f20   Data          20  tasks.o(.bss)
    .bss                                     0x20012f34   Section       40  timers.o(.bss)
    xActiveTimerList1                        0x20012f34   Data          20  timers.o(.bss)
    xActiveTimerList2                        0x20012f48   Data          20  timers.o(.bss)
    .bss                                     0x20012f5c   Section       16  usbd_cdc_vcp.o(.bss)
    .bss                                     0x20012f6c   Section      120  stm32f4_evb_audio_codec.o(.bss)
    DMA_InitStructure                        0x20012f6c   Data          60  stm32f4_evb_audio_codec.o(.bss)
    .bss                                     0x20012fe4   Section      255  usbd_req.o(.bss)
    .bss                                     0x200130e3   Section     2560  usbd_cdc_core.o(.bss)
    STACK                                    0x20013ae8   Section     1024  startup_stm32f40xx.o(STACK)

    Global Symbols

    Symbol Name                              Value     Ov Type        Size  Object(Section)

    BuildAttributes$$THM_ISAv4$E$P$D$K$B$S$7EM$VFPi3$EXTD16$VFPS$VFMA$PE$A:L22UL41UL21$X:L11$S22US41US21$IEEE1$IW$USESV6$~STKCKD$USESV7$~SHL$OSPACE$ROPI$EBA8$MICROLIB$REQ8$PRES8$EABIv2 0x00000000   Number         0  anon$$obj.o ABSOLUTE
    __ARM_use_no_argv                        0x00000000   Number         0  main.o ABSOLUTE
    _printf_a                                0x00000000   Number         0  stubs.o ABSOLUTE
    _printf_c                                0x00000000   Number         0  stubs.o ABSOLUTE
    _printf_charcount                        0x00000000   Number         0  stubs.o ABSOLUTE
    _printf_d                                0x00000000   Number         0  stubs.o ABSOLUTE
    _printf_e                                0x00000000   Number         0  stubs.o ABSOLUTE
    _printf_f                                0x00000000   Number         0  stubs.o ABSOLUTE
    _printf_flags                            0x00000000   Number         0  stubs.o ABSOLUTE
    _printf_fp_dec                           0x00000000   Number         0  stubs.o ABSOLUTE
    _printf_fp_hex                           0x00000000   Number         0  stubs.o ABSOLUTE
    _printf_g                                0x00000000   Number         0  stubs.o ABSOLUTE
    _printf_i                                0x00000000   Number         0  stubs.o ABSOLUTE
    _printf_int_dec                          0x00000000   Number         0  stubs.o ABSOLUTE
    _printf_l                                0x00000000   Number         0  stubs.o ABSOLUTE
    _printf_lc                               0x00000000   Number         0  stubs.o ABSOLUTE
    _printf_ll                               0x00000000   Number         0  stubs.o ABSOLUTE
    _printf_lld                              0x00000000   Number         0  stubs.o ABSOLUTE
    _printf_lli                              0x00000000   Number         0  stubs.o ABSOLUTE
    _printf_llo                              0x00000000   Number         0  stubs.o ABSOLUTE
    _printf_llu                              0x00000000   Number         0  stubs.o ABSOLUTE
    _printf_llx                              0x00000000   Number         0  stubs.o ABSOLUTE
    _printf_longlong_dec                     0x00000000   Number         0  stubs.o ABSOLUTE
    _printf_longlong_hex                     0x00000000   Number         0  stubs.o ABSOLUTE
    _printf_longlong_oct                     0x00000000   Number         0  stubs.o ABSOLUTE
    _printf_ls                               0x00000000   Number         0  stubs.o ABSOLUTE
    _printf_mbtowc                           0x00000000   Number         0  stubs.o ABSOLUTE
    _printf_n                                0x00000000   Number         0  stubs.o ABSOLUTE
    _printf_o                                0x00000000   Number         0  stubs.o ABSOLUTE
    _printf_p                                0x00000000   Number         0  stubs.o ABSOLUTE
    _printf_percent                          0x00000000   Number         0  stubs.o ABSOLUTE
    _printf_pre_padding                      0x00000000   Number         0  stubs.o ABSOLUTE
    _printf_return_value                     0x00000000   Number         0  stubs.o ABSOLUTE
    _printf_s                                0x00000000   Number         0  stubs.o ABSOLUTE
    _printf_sizespec                         0x00000000   Number         0  stubs.o ABSOLUTE
    _printf_str                              0x00000000   Number         0  stubs.o ABSOLUTE
    _printf_truncate_signed                  0x00000000   Number         0  stubs.o ABSOLUTE
    _printf_truncate_unsigned                0x00000000   Number         0  stubs.o ABSOLUTE
    _printf_u                                0x00000000   Number         0  stubs.o ABSOLUTE
    _printf_wc                               0x00000000   Number         0  stubs.o ABSOLUTE
    _printf_wctomb                           0x00000000   Number         0  stubs.o ABSOLUTE
    _printf_widthprec                        0x00000000   Number         0  stubs.o ABSOLUTE
    _printf_x                                0x00000000   Number         0  stubs.o ABSOLUTE
    __cpp_initialize__aeabi_                  - Undefined Weak Reference
    __cxa_finalize                            - Undefined Weak Reference
    _clock_init                               - Undefined Weak Reference
    _microlib_exit                            - Undefined Weak Reference
    __Vectors_Size                           0x00000194   Number         0  startup_stm32f40xx.o ABSOLUTE
    __Vectors                                0x08000000   Data           4  startup_stm32f40xx.o(RESET)
    __Vectors_End                            0x08000194   Data           0  startup_stm32f40xx.o(RESET)
    __main                                   0x08000195   Thumb Code     0  entry.o(.ARM.Collect$$$$00000000)
    _main_stk                                0x08000195   Thumb Code     0  entry2.o(.ARM.Collect$$$$00000001)
    _main_scatterload                        0x08000199   Thumb Code     0  entry5.o(.ARM.Collect$$$$00000004)
    __main_after_scatterload                 0x0800019d   Thumb Code     0  entry5.o(.ARM.Collect$$$$00000004)
    _main_clock                              0x0800019d   Thumb Code     0  entry7b.o(.ARM.Collect$$$$00000008)
    _main_cpp_init                           0x0800019d   Thumb Code     0  entry8b.o(.ARM.Collect$$$$0000000A)
    _main_init                               0x0800019d   Thumb Code     0  entry9a.o(.ARM.Collect$$$$0000000B)
    __rt_final_cpp                           0x080001a5   Thumb Code     0  entry10a.o(.ARM.Collect$$$$0000000D)
    __rt_final_exit                          0x080001a5   Thumb Code     0  entry11a.o(.ARM.Collect$$$$0000000F)
    SVC_Handler                              0x080001a9   Thumb Code    28  port.o(.emb_text)
    __asm___6_port_c_39a90d8d__prvStartFirstTask 0x080001c9   Thumb Code    24  port.o(.emb_text)
    __asm___6_port_c_39a90d8d__prvEnableVFP  0x080001e5   Thumb Code    16  port.o(.emb_text)
    PendSV_Handler                           0x080001f9   Thumb Code    82  port.o(.emb_text)
    ulPortSetInterruptMask                   0x08000251   Thumb Code    14  port.o(.emb_text)
    vPortClearInterruptMask                  0x0800025f   Thumb Code     6  port.o(.emb_text)
    vPortGetIPSR                             0x08000265   Thumb Code     6  port.o(.emb_text)
    Reset_Handler                            0x0800026d   Thumb Code     8  startup_stm32f40xx.o(.text)
    ADC_IRQHandler                           0x08000287   Thumb Code     0  startup_stm32f40xx.o(.text)
    CAN1_RX0_IRQHandler                      0x08000287   Thumb Code     0  startup_stm32f40xx.o(.text)
    CAN1_RX1_IRQHandler                      0x08000287   Thumb Code     0  startup_stm32f40xx.o(.text)
    CAN1_SCE_IRQHandler                      0x08000287   Thumb Code     0  startup_stm32f40xx.o(.text)
    CAN1_TX_IRQHandler                       0x08000287   Thumb Code     0  startup_stm32f40xx.o(.text)
    CAN2_RX0_IRQHandler                      0x08000287   Thumb Code     0  startup_stm32f40xx.o(.text)
    CAN2_RX1_IRQHandler                      0x08000287   Thumb Code     0  startup_stm32f40xx.o(.text)
    CAN2_SCE_IRQHandler                      0x08000287   Thumb Code     0  startup_stm32f40xx.o(.text)
    CAN2_TX_IRQHandler                       0x08000287   Thumb Code     0  startup_stm32f40xx.o(.text)
    CRYP_IRQHandler                          0x08000287   Thumb Code     0  startup_stm32f40xx.o(.text)
    DCMI_IRQHandler                          0x08000287   Thumb Code     0  startup_stm32f40xx.o(.text)
    DMA1_Stream0_IRQHandler                  0x08000287   Thumb Code     0  startup_stm32f40xx.o(.text)
    DMA1_Stream1_IRQHandler                  0x08000287   Thumb Code     0  startup_stm32f40xx.o(.text)
    DMA1_Stream2_IRQHandler                  0x08000287   Thumb Code     0  startup_stm32f40xx.o(.text)
    DMA1_Stream3_IRQHandler                  0x08000287   Thumb Code     0  startup_stm32f40xx.o(.text)
    DMA1_Stream5_IRQHandler                  0x08000287   Thumb Code     0  startup_stm32f40xx.o(.text)
    DMA1_Stream6_IRQHandler                  0x08000287   Thumb Code     0  startup_stm32f40xx.o(.text)
    DMA1_Stream7_IRQHandler                  0x08000287   Thumb Code     0  startup_stm32f40xx.o(.text)
    DMA2_Stream0_IRQHandler                  0x08000287   Thumb Code     0  startup_stm32f40xx.o(.text)
    DMA2_Stream1_IRQHandler                  0x08000287   Thumb Code     0  startup_stm32f40xx.o(.text)
    DMA2_Stream2_IRQHandler                  0x08000287   Thumb Code     0  startup_stm32f40xx.o(.text)
    DMA2_Stream3_IRQHandler                  0x08000287   Thumb Code     0  startup_stm32f40xx.o(.text)
    DMA2_Stream4_IRQHandler                  0x08000287   Thumb Code     0  startup_stm32f40xx.o(.text)
    DMA2_Stream5_IRQHandler                  0x08000287   Thumb Code     0  startup_stm32f40xx.o(.text)
    DMA2_Stream6_IRQHandler                  0x08000287   Thumb Code     0  startup_stm32f40xx.o(.text)
    DMA2_Stream7_IRQHandler                  0x08000287   Thumb Code     0  startup_stm32f40xx.o(.text)
    ETH_IRQHandler                           0x08000287   Thumb Code     0  startup_stm32f40xx.o(.text)
    ETH_WKUP_IRQHandler                      0x08000287   Thumb Code     0  startup_stm32f40xx.o(.text)
    EXTI0_IRQHandler                         0x08000287   Thumb Code     0  startup_stm32f40xx.o(.text)
    EXTI15_10_IRQHandler                     0x08000287   Thumb Code     0  startup_stm32f40xx.o(.text)
    EXTI1_IRQHandler                         0x08000287   Thumb Code     0  startup_stm32f40xx.o(.text)
    EXTI2_IRQHandler                         0x08000287   Thumb Code     0  startup_stm32f40xx.o(.text)
    EXTI3_IRQHandler                         0x08000287   Thumb Code     0  startup_stm32f40xx.o(.text)
    EXTI4_IRQHandler                         0x08000287   Thumb Code     0  startup_stm32f40xx.o(.text)
    EXTI9_5_IRQHandler                       0x08000287   Thumb Code     0  startup_stm32f40xx.o(.text)
    FLASH_IRQHandler                         0x08000287   Thumb Code     0  startup_stm32f40xx.o(.text)
    FPU_IRQHandler                           0x08000287   Thumb Code     0  startup_stm32f40xx.o(.text)
    FSMC_IRQHandler                          0x08000287   Thumb Code     0  startup_stm32f40xx.o(.text)
    HASH_RNG_IRQHandler                      0x08000287   Thumb Code     0  startup_stm32f40xx.o(.text)
    I2C1_ER_IRQHandler                       0x08000287   Thumb Code     0  startup_stm32f40xx.o(.text)
    I2C1_EV_IRQHandler                       0x08000287   Thumb Code     0  startup_stm32f40xx.o(.text)
    I2C2_ER_IRQHandler                       0x08000287   Thumb Code     0  startup_stm32f40xx.o(.text)
    I2C2_EV_IRQHandler                       0x08000287   Thumb Code     0  startup_stm32f40xx.o(.text)
    I2C3_ER_IRQHandler                       0x08000287   Thumb Code     0  startup_stm32f40xx.o(.text)
    I2C3_EV_IRQHandler                       0x08000287   Thumb Code     0  startup_stm32f40xx.o(.text)
    OTG_FS_IRQHandler                        0x08000287   Thumb Code     0  startup_stm32f40xx.o(.text)
    OTG_FS_WKUP_IRQHandler                   0x08000287   Thumb Code     0  startup_stm32f40xx.o(.text)
    OTG_HS_EP1_IN_IRQHandler                 0x08000287   Thumb Code     0  startup_stm32f40xx.o(.text)
    OTG_HS_EP1_OUT_IRQHandler                0x08000287   Thumb Code     0  startup_stm32f40xx.o(.text)
    OTG_HS_IRQHandler                        0x08000287   Thumb Code     0  startup_stm32f40xx.o(.text)
    OTG_HS_WKUP_IRQHandler                   0x08000287   Thumb Code     0  startup_stm32f40xx.o(.text)
    PVD_IRQHandler                           0x08000287   Thumb Code     0  startup_stm32f40xx.o(.text)
    RCC_IRQHandler                           0x08000287   Thumb Code     0  startup_stm32f40xx.o(.text)
    RTC_Alarm_IRQHandler                     0x08000287   Thumb Code     0  startup_stm32f40xx.o(.text)
    RTC_WKUP_IRQHandler                      0x08000287   Thumb Code     0  startup_stm32f40xx.o(.text)
    SDIO_IRQHandler                          0x08000287   Thumb Code     0  startup_stm32f40xx.o(.text)
    SPI1_IRQHandler                          0x08000287   Thumb Code     0  startup_stm32f40xx.o(.text)
    SPI2_IRQHandler                          0x08000287   Thumb Code     0  startup_stm32f40xx.o(.text)
    SPI3_IRQHandler                          0x08000287   Thumb Code     0  startup_stm32f40xx.o(.text)
    TAMP_STAMP_IRQHandler                    0x08000287   Thumb Code     0  startup_stm32f40xx.o(.text)
    TIM1_BRK_TIM9_IRQHandler                 0x08000287   Thumb Code     0  startup_stm32f40xx.o(.text)
    TIM1_CC_IRQHandler                       0x08000287   Thumb Code     0  startup_stm32f40xx.o(.text)
    TIM1_TRG_COM_TIM11_IRQHandler            0x08000287   Thumb Code     0  startup_stm32f40xx.o(.text)
    TIM1_UP_TIM10_IRQHandler                 0x08000287   Thumb Code     0  startup_stm32f40xx.o(.text)
    TIM2_IRQHandler                          0x08000287   Thumb Code     0  startup_stm32f40xx.o(.text)
    TIM3_IRQHandler                          0x08000287   Thumb Code     0  startup_stm32f40xx.o(.text)
    TIM4_IRQHandler                          0x08000287   Thumb Code     0  startup_stm32f40xx.o(.text)
    TIM5_IRQHandler                          0x08000287   Thumb Code     0  startup_stm32f40xx.o(.text)
    TIM6_DAC_IRQHandler                      0x08000287   Thumb Code     0  startup_stm32f40xx.o(.text)
    TIM7_IRQHandler                          0x08000287   Thumb Code     0  startup_stm32f40xx.o(.text)
    TIM8_BRK_TIM12_IRQHandler                0x08000287   Thumb Code     0  startup_stm32f40xx.o(.text)
    TIM8_CC_IRQHandler                       0x08000287   Thumb Code     0  startup_stm32f40xx.o(.text)
    TIM8_TRG_COM_TIM14_IRQHandler            0x08000287   Thumb Code     0  startup_stm32f40xx.o(.text)
    TIM8_UP_TIM13_IRQHandler                 0x08000287   Thumb Code     0  startup_stm32f40xx.o(.text)
    UART4_IRQHandler                         0x08000287   Thumb Code     0  startup_stm32f40xx.o(.text)
    UART5_IRQHandler                         0x08000287   Thumb Code     0  startup_stm32f40xx.o(.text)
    USART2_IRQHandler                        0x08000287   Thumb Code     0  startup_stm32f40xx.o(.text)
    USART6_IRQHandler                        0x08000287   Thumb Code     0  startup_stm32f40xx.o(.text)
    WWDG_IRQHandler                          0x08000287   Thumb Code     0  startup_stm32f40xx.o(.text)
    __aeabi_memcpy                           0x08000291   Thumb Code    36  memcpya.o(.text)
    __aeabi_memcpy4                          0x08000291   Thumb Code     0  memcpya.o(.text)
    __aeabi_memcpy8                          0x08000291   Thumb Code     0  memcpya.o(.text)
    __aeabi_memset                           0x080002b5   Thumb Code    14  memseta.o(.text)
    __aeabi_memset4                          0x080002b5   Thumb Code     0  memseta.o(.text)
    __aeabi_memset8                          0x080002b5   Thumb Code     0  memseta.o(.text)
    __aeabi_memclr                           0x080002c3   Thumb Code     4  memseta.o(.text)
    __aeabi_memclr4                          0x080002c3   Thumb Code     0  memseta.o(.text)
    __aeabi_memclr8                          0x080002c3   Thumb Code     0  memseta.o(.text)
    _memset$wrapper                          0x080002c7   Thumb Code    18  memseta.o(.text)
    __scatterload                            0x080002d9   Thumb Code    28  init.o(.text)
    __scatterload_rt2                        0x080002d9   Thumb Code     0  init.o(.text)
    __decompress                             0x080002fd   Thumb Code     0  __dczerorl2.o(.text)
    __decompress1                            0x080002fd   Thumb Code    86  __dczerorl2.o(.text)
    BusFault_Handler                         0x08000353   Thumb Code     4  stm32f4xx_it.o(i.BusFault_Handler)
    DCD_EP_Close                             0x08000357   Thumb Code    74  usb_dcd.o(i.DCD_EP_Close)
    DCD_EP_Open                              0x080003a1   Thumb Code   104  usb_dcd.o(i.DCD_EP_Open)
    DCD_EP_PrepareRx                         0x08000409   Thumb Code    82  usb_dcd.o(i.DCD_EP_PrepareRx)
    DCD_EP_Stall                             0x0800045b   Thumb Code    72  usb_dcd.o(i.DCD_EP_Stall)
    DCD_EP_Tx                                0x080004a3   Thumb Code    78  usb_dcd.o(i.DCD_EP_Tx)
    DMA1_Stream4_IRQHandler                  0x080004f1   Thumb Code   180  stm32f4_evb_audio_codec.o(i.DMA1_Stream4_IRQHandler)
    DMA_ClearFlag                            0x080005b9   Thumb Code    38  stm32f4xx_dma.o(i.DMA_ClearFlag)
    DMA_Cmd                                  0x080005ed   Thumb Code    22  stm32f4xx_dma.o(i.DMA_Cmd)
    DMA_Config                               0x08000605   Thumb Code   190  stm32f4_evb_lcd.o(i.DMA_Config)
    DMA_DeInit                               0x080006d1   Thumb Code   324  stm32f4xx_dma.o(i.DMA_DeInit)
    DMA_GetCmdStatus                         0x08000829   Thumb Code    20  stm32f4xx_dma.o(i.DMA_GetCmdStatus)
    DMA_GetFlagStatus                        0x0800083d   Thumb Code    54  stm32f4xx_dma.o(i.DMA_GetFlagStatus)
    DMA_Init                                 0x08000881   Thumb Code    82  stm32f4xx_dma.o(i.DMA_Init)
    DebugMon_Handler                         0x080008d9   Thumb Code     2  stm32f4xx_it.o(i.DebugMon_Handler)
    EVAL_AUDIO_TransferComplete_CallBack     0x080008db   Thumb Code     2  main.o(i.EVAL_AUDIO_TransferComplete_CallBack)
    FSMC_NORSRAMCmd                          0x080008dd   Thumb Code    46  stm32f4xx_fsmc.o(i.FSMC_NORSRAMCmd)
    FSMC_NORSRAMInit                         0x08000911   Thumb Code   230  stm32f4xx_fsmc.o(i.FSMC_NORSRAMInit)
    GPIO_Init                                0x080009f7   Thumb Code   144  stm32f4xx_gpio.o(i.GPIO_Init)
    GPIO_PinAFConfig                         0x08000a87   Thumb Code    70  stm32f4xx_gpio.o(i.GPIO_PinAFConfig)
    HardFault_Handler                        0x08000ba1   Thumb Code     4  stm32f4xx_it.o(i.HardFault_Handler)
    LCD_Blending                             0x08000ba5   Thumb Code    60  stm32f4_evb_lcd.o(i.LCD_Blending)
    LCD_Clear                                0x08000be5   Thumb Code    32  stm32f4_evb_lcd.o(i.LCD_Clear)
    LCD_Colorbar                             0x08000c0d   Thumb Code   236  stm32f4_evb_lcd.o(i.LCD_Colorbar)
    LCD_CtrlLinesConfig                      0x08000d01   Thumb Code   286  stm32f4_evb_lcd.o(i.LCD_CtrlLinesConfig)
    LCD_DisplayChar                          0x08000e31   Thumb Code    42  stm32f4_evb_lcd.o(i.LCD_DisplayChar)
    LCD_DisplayStringLine                    0x08000e61   Thumb Code    66  stm32f4_evb_lcd.o(i.LCD_DisplayStringLine)
    LCD_DrawChar                             0x08000ea9   Thumb Code   154  stm32f4_evb_lcd.o(i.LCD_DrawChar)
    LCD_FSMCConfig                           0x08000f55   Thumb Code    98  stm32f4_evb_lcd.o(i.LCD_FSMCConfig)
    LCD_GetFont                              0x08000fb9   Thumb Code     6  stm32f4_evb_lcd.o(i.LCD_GetFont)
    LCD_Init                                 0x08000fc5   Thumb Code   176  stm32f4_evb_lcd.o(i.LCD_Init)
    LCD_SetBackColor                         0x0800107d   Thumb Code    12  stm32f4_evb_lcd.o(i.LCD_SetBackColor)
    LCD_SetFont                              0x0800108d   Thumb Code     6  stm32f4_evb_lcd.o(i.LCD_SetFont)
    LCD_SetTextColor                         0x08001099   Thumb Code    12  stm32f4_evb_lcd.o(i.LCD_SetTextColor)
    MemManage_Handler                        0x080011f3   Thumb Code     4  stm32f4xx_it.o(i.MemManage_Handler)
    NMI_Handler                              0x080011f7   Thumb Code     2  stm32f4xx_it.o(i.NMI_Handler)
    NVIC_Init                                0x080011f9   Thumb Code   106  misc.o(i.NVIC_Init)
    PSRAM_Init                               0x08001271   Thumb Code   638  stm32f4_evb_fsmc_psram.o(i.PSRAM_Init)
    RCC_AHB1PeriphClockCmd                   0x08001501   Thumb Code    26  stm32f4xx_rcc.o(i.RCC_AHB1PeriphClockCmd)
    RCC_AHB2PeriphClockCmd                   0x08001521   Thumb Code    26  stm32f4xx_rcc.o(i.RCC_AHB2PeriphClockCmd)
    RCC_AHB3PeriphClockCmd                   0x08001541   Thumb Code    26  stm32f4xx_rcc.o(i.RCC_AHB3PeriphClockCmd)
    RCC_APB2PeriphClockCmd                   0x08001561   Thumb Code    26  stm32f4xx_rcc.o(i.RCC_APB2PeriphClockCmd)
    RCC_GetClocksFreq                        0x08001581   Thumb Code   214  stm32f4xx_rcc.o(i.RCC_GetClocksFreq)
    STM_EVAL_COMInit                         0x08001669   Thumb Code   220  stm32f4_evb.o(i.STM_EVAL_COMInit)
    STM_EVAL_LEDInit                         0x08001779   Thumb Code    62  stm32f4_evb.o(i.STM_EVAL_LEDInit)
    STM_EVAL_LEDToggle                       0x080017c5   Thumb Code    26  stm32f4_evb.o(i.STM_EVAL_LEDToggle)
    SysTick_Handler                          0x080018d5   Thumb Code    28  port.o(i.SysTick_Handler)
    SystemInit                               0x080018f5   Thumb Code    88  system_stm32f4xx.o(i.SystemInit)
    USART1_IRQHandler                        0x0800195d   Thumb Code    22  stm32f4xx_it.o(i.USART1_IRQHandler)
    USART3_IRQHandler                        0x08001979   Thumb Code    40  usbd_cdc_vcp.o(i.USART3_IRQHandler)
    USART_Cmd                                0x080019a5   Thumb Code    24  stm32f4xx_usart.o(i.USART_Cmd)
    USART_GetFlagStatus                      0x080019bd   Thumb Code    26  stm32f4xx_usart.o(i.USART_GetFlagStatus)
    USART_GetITStatus                        0x080019d7   Thumb Code    84  stm32f4xx_usart.o(i.USART_GetITStatus)
    USART_ITConfig                           0x08001a2b   Thumb Code    74  stm32f4xx_usart.o(i.USART_ITConfig)
    USART_Init                               0x08001a75   Thumb Code   204  stm32f4xx_usart.o(i.USART_Init)
    USART_ReceiveData                        0x08001b49   Thumb Code    10  stm32f4xx_usart.o(i.USART_ReceiveData)
    USART_SendData                           0x08001b53   Thumb Code     8  stm32f4xx_usart.o(i.USART_SendData)
    USBD_CtlError                            0x08001b5b   Thumb Code    30  usbd_req.o(i.USBD_CtlError)
    USBD_CtlPrepareRx                        0x08001b79   Thumb Code    46  usbd_ioreq.o(i.USBD_CtlPrepareRx)
    USBD_CtlSendData                         0x08001ba7   Thumb Code    46  usbd_ioreq.o(i.USBD_CtlSendData)
    USBD_GetString                           0x08001be9   Thumb Code    82  usbd_req.o(i.USBD_GetString)
    USBD_USR_ConfigStrDescriptor             0x08001c3d   Thumb Code    34  usbd_desc.o(i.USBD_USR_ConfigStrDescriptor)
    USBD_USR_DeviceDescriptor                0x08001c71   Thumb Code    10  usbd_desc.o(i.USBD_USR_DeviceDescriptor)
    USBD_USR_InterfaceStrDescriptor          0x08001c81   Thumb Code    34  usbd_desc.o(i.USBD_USR_InterfaceStrDescriptor)
    USBD_USR_LangIDStrDescriptor             0x08001cb9   Thumb Code    10  usbd_desc.o(i.USBD_USR_LangIDStrDescriptor)
    USBD_USR_ManufacturerStrDescriptor       0x08001cc9   Thumb Code    20  usbd_desc.o(i.USBD_USR_ManufacturerStrDescriptor)
    USBD_USR_ProductStrDescriptor            0x08001cf5   Thumb Code    34  usbd_desc.o(i.USBD_USR_ProductStrDescriptor)
    USBD_USR_SerialStrDescriptor             0x08001d65   Thumb Code    34  usbd_desc.o(i.USBD_USR_SerialStrDescriptor)
    USB_OTG_EP0StartXfer                     0x08001dcd   Thumb Code   342  usb_core.o(i.USB_OTG_EP0StartXfer)
    USB_OTG_EP0_OutStart                     0x08001f23   Thumb Code    98  usb_core.o(i.USB_OTG_EP0_OutStart)
    USB_OTG_EPActivate                       0x08001f85   Thumb Code   176  usb_core.o(i.USB_OTG_EPActivate)
    USB_OTG_EPDeactivate                     0x08002035   Thumb Code   118  usb_core.o(i.USB_OTG_EPDeactivate)
    USB_OTG_EPSetStall                       0x080020ab   Thumb Code   100  usb_core.o(i.USB_OTG_EPSetStall)
    USB_OTG_EPStartXfer                      0x0800210f   Thumb Code   502  usb_core.o(i.USB_OTG_EPStartXfer)
    USB_OTG_WritePacket                      0x08002305   Thumb Code    64  usb_core.o(i.USB_OTG_WritePacket)
    UsageFault_Handler                       0x08002345   Thumb Code     4  stm32f4xx_it.o(i.UsageFault_Handler)
    __scatterload_copy                       0x080025e9   Thumb Code    14  handlers.o(i.__scatterload_copy)
    __scatterload_null                       0x080025f7   Thumb Code     2  handlers.o(i.__scatterload_null)
    __scatterload_zeroinit                   0x080025f9   Thumb Code    14  handlers.o(i.__scatterload_zeroinit)
    main                                     0x0800262d   Thumb Code   162  main.o(i.main)
    pvPortMalloc                             0x08002dcd   Thumb Code   102  heap_1.o(i.pvPortMalloc)
    pxPortInitialiseStack                    0x08002e45   Thumb Code    34  port.o(i.pxPortInitialiseStack)
    uxListRemove                             0x08003111   Thumb Code    40  list.o(i.uxListRemove)
    vApplicationIdleHook                     0x08003139   Thumb Code     2  main.o(i.vApplicationIdleHook)
    vApplicationMallocFailedHook             0x0800313b   Thumb Code     2  main.o(i.vApplicationMallocFailedHook)
    vApplicationTickHook                     0x0800313d   Thumb Code     2  main.o(i.vApplicationTickHook)
    vListInitialise                          0x0800313f   Thumb Code    26  list.o(i.vListInitialise)
    vListInitialiseItem                      0x08003159   Thumb Code     6  list.o(i.vListInitialiseItem)
    vListInsert                              0x0800315f   Thumb Code    52  list.o(i.vListInsert)
    vListInsertEnd                           0x08003193   Thumb Code    24  list.o(i.vListInsertEnd)
    vPortEnterCritical                       0x080031ad   Thumb Code    26  port.o(i.vPortEnterCritical)
    vPortExitCritical                        0x080031cd   Thumb Code    40  port.o(i.vPortExitCritical)
    vPortFree                                0x080031f9   Thumb Code    24  heap_1.o(i.vPortFree)
    vPortSetupTimerInterrupt                 0x08003211   Thumb Code    26  port.o(i.vPortSetupTimerInterrupt)
    vPortValidateInterruptPriority           0x08003231   Thumb Code    78  port.o(i.vPortValidateInterruptPriority)
    vPortYield                               0x0800328d   Thumb Code    18  port.o(i.vPortYield)
    vQueueAddToRegistry                      0x080032a5   Thumb Code    38  queue.o(i.vQueueAddToRegistry)
    vQueueWaitForMessageRestricted           0x080032d1   Thumb Code    58  queue.o(i.vQueueWaitForMessageRestricted)
    vTaskDelay                               0x0800330d   Thumb Code    70  tasks.o(i.vTaskDelay)
    vTaskMissedYield                         0x08003361   Thumb Code     8  tasks.o(i.vTaskMissedYield)
    vTaskPlaceOnEventList                    0x0800336d   Thumb Code    70  tasks.o(i.vTaskPlaceOnEventList)
    vTaskPlaceOnEventListRestricted          0x080033c1   Thumb Code    52  tasks.o(i.vTaskPlaceOnEventListRestricted)
    vTaskPriorityDisinherit                  0x080033fd   Thumb Code    78  tasks.o(i.vTaskPriorityDisinherit)
    vTaskPriorityInherit                     0x08003455   Thumb Code   128  tasks.o(i.vTaskPriorityInherit)
    vTaskSetTimeOutState                     0x080034e1   Thumb Code    28  tasks.o(i.vTaskSetTimeOutState)
    vTaskStartScheduler                      0x08003505   Thumb Code    74  tasks.o(i.vTaskStartScheduler)
    vTaskSuspendAll                          0x08003565   Thumb Code    12  tasks.o(i.vTaskSuspendAll)
    vTaskSwitchContext                       0x08003575   Thumb Code   122  tasks.o(i.vTaskSwitchContext)
    xPortStartScheduler                      0x08003605   Thumb Code   156  port.o(i.xPortStartScheduler)
    xQueueGenericCreate                      0x080036b9   Thumb Code    92  queue.o(i.xQueueGenericCreate)
    xQueueGenericReceive                     0x08003715   Thumb Code   346  queue.o(i.xQueueGenericReceive)
    xQueueGenericReset                       0x0800386f   Thumb Code   120  queue.o(i.xQueueGenericReset)
    xQueueGenericSend                        0x080038e7   Thumb Code   308  queue.o(i.xQueueGenericSend)
    xQueueGenericSendFromISR                 0x08003a1b   Thumb Code   172  queue.o(i.xQueueGenericSendFromISR)
    xTaskCheckForTimeOut                     0x08003ac9   Thumb Code   108  tasks.o(i.xTaskCheckForTimeOut)
    xTaskGenericCreate                       0x08003b3d   Thumb Code   286  tasks.o(i.xTaskGenericCreate)
    xTaskGetCurrentTaskHandle                0x08003c75   Thumb Code     6  tasks.o(i.xTaskGetCurrentTaskHandle)
    xTaskGetSchedulerState                   0x08003c81   Thumb Code    24  tasks.o(i.xTaskGetSchedulerState)
    xTaskGetTickCount                        0x08003ca1   Thumb Code    18  tasks.o(i.xTaskGetTickCount)
    xTaskIncrementTick                       0x08003cb9   Thumb Code   284  tasks.o(i.xTaskIncrementTick)
    xTaskRemoveFromEventList                 0x08003e01   Thumb Code   112  tasks.o(i.xTaskRemoveFromEventList)
    xTaskResumeAll                           0x08003e89   Thumb Code   198  tasks.o(i.xTaskResumeAll)
    xTimerCreateTimerTask                    0x08003f71   Thumb Code    58  timers.o(i.xTimerCreateTimerTask)
    xTimerGenericCommand                     0x08003fbd   Thumb Code   102  timers.o(i.xTimerGenericCommand)
    GPIO_PIN                                 0x08004028   Data           8  stm32f4_evb.o(.constdata)
    GPIO_CLK                                 0x08004030   Data          16  stm32f4_evb.o(.constdata)
    BUTTON_PIN                               0x08004040   Data           6  stm32f4_evb.o(.constdata)
    BUTTON_CLK                               0x08004048   Data          12  stm32f4_evb.o(.constdata)
    BUTTON_EXTI_LINE                         0x08004054   Data           6  stm32f4_evb.o(.constdata)
    BUTTON_PORT_SOURCE                       0x0800405a   Data           6  stm32f4_evb.o(.constdata)
    BUTTON_PIN_SOURCE                        0x08004060   Data           6  stm32f4_evb.o(.constdata)
    BUTTON_IRQn                              0x08004066   Data           6  stm32f4_evb.o(.constdata)
    COM_USART_CLK                            0x0800406c   Data           4  stm32f4_evb.o(.constdata)
    COM_TX_PORT_CLK                          0x08004070   Data           4  stm32f4_evb.o(.constdata)
    COM_RX_PORT_CLK                          0x08004074   Data           4  stm32f4_evb.o(.constdata)
    COM_TX_PIN                               0x08004078   Data           2  stm32f4_evb.o(.constdata)
    COM_RX_PIN                               0x0800407a   Data           2  stm32f4_evb.o(.constdata)
    COM_TX_PIN_SOURCE                        0x0800407c   Data           2  stm32f4_evb.o(.constdata)
    COM_RX_PIN_SOURCE                        0x0800407e   Data           2  stm32f4_evb.o(.constdata)
    COM_TX_AF                                0x08004080   Data           2  stm32f4_evb.o(.constdata)
    COM_RX_AF                                0x08004082   Data           2  stm32f4_evb.o(.constdata)
    ASCII16x24_Table                         0x08004084   Data        4560  stm32f4_evb_lcd.o(.constdata)
    ASCII12x12_Table                         0x08005254   Data        2304  stm32f4_evb_lcd.o(.constdata)
    ASCII8x12_Table                          0x08005b54   Data        2304  stm32f4_evb_lcd.o(.constdata)
    ASCII8x8_Table                           0x08006454   Data        1536  stm32f4_evb_lcd.o(.constdata)
    Region$$Table$$Base                      0x08006a54   Number         0  anon$$obj.o(Region$$Table)
    Region$$Table$$Limit                     0x08006a74   Number         0  anon$$obj.o(Region$$Table)
    pxCurrentTCB                             0x20000014   Data           4  tasks.o(.data)
    linecoding                               0x2000005c   Data           8  usbd_cdc_vcp.o(.data)
    VCP_fops                                 0x20000064   Data          20  usbd_cdc_vcp.o(.data)
    USR_desc                                 0x20000078   Data          28  usbd_desc.o(.data)
    USBD_DeviceDesc                          0x20000094   Data          18  usbd_desc.o(.data)
    USBD_DeviceQualifierDesc                 0x200000a6   Data          10  usbd_desc.o(.data)
    USBD_LangIDDesc                          0x200000b0   Data           4  usbd_desc.o(.data)
    GPIO_PORT                                0x200000b4   Data          16  stm32f4_evb.o(.data)
    BUTTON_PORT                              0x200000c4   Data          12  stm32f4_evb.o(.data)
    COM_USART                                0x200000d0   Data           4  stm32f4_evb.o(.data)
    COM_TX_PORT                              0x200000d4   Data           4  stm32f4_evb.o(.data)
    COM_RX_PORT                              0x200000d8   Data           4  stm32f4_evb.o(.data)
    NVIC_InitStructure                       0x200000dc   Data           4  stm32f4_evb.o(.data)
    Font16x24                                0x200000e0   Data           8  stm32f4_evb_lcd.o(.data)
    Font12x12                                0x200000e8   Data           8  stm32f4_evb_lcd.o(.data)
    Font8x12                                 0x200000f0   Data           8  stm32f4_evb_lcd.o(.data)
    Font8x8                                  0x200000f8   Data           8  stm32f4_evb_lcd.o(.data)
    AudioTotalSize                           0x2000010c   Data           4  stm32f4_evb_audio_codec.o(.data)
    AudioRemSize                             0x20000110   Data           4  stm32f4_evb_audio_codec.o(.data)
    CurrentPos                               0x20000114   Data           4  stm32f4_evb_audio_codec.o(.data)
    cid                                      0x20000118   Data           4  stm32f4_evb_audio_codec.o(.data)
    revid                                    0x2000011c   Data           4  stm32f4_evb_audio_codec.o(.data)
    CODECTimeout                             0x20000120   Data           4  stm32f4_evb_audio_codec.o(.data)
    OutputDev                                0x20000124   Data           1  stm32f4_evb_audio_codec.o(.data)
    SystemCoreClock                          0x20000138   Data           4  system_stm32f4xx.o(.data)
    AHBPrescTable                            0x2000013c   Data          16  system_stm32f4xx.o(.data)
    CmdBuff                                  0x20000150   Data           8  usbd_cdc_core.o(.data)
    APP_Rx_ptr_in                            0x20000158   Data           4  usbd_cdc_core.o(.data)
    APP_Rx_ptr_out                           0x2000015c   Data           4  usbd_cdc_core.o(.data)
    APP_Rx_length                            0x20000160   Data           4  usbd_cdc_core.o(.data)
    USB_Tx_State                             0x20000164   Data           1  usbd_cdc_core.o(.data)
    USBD_CDC_cb                              0x20000170   Data          48  usbd_cdc_core.o(.data)
    usbd_cdc_CfgDesc                         0x200001a0   Data          67  usbd_cdc_core.o(.data)
    usbd_cdc_OtherCfgDesc                    0x200001e3   Data          67  usbd_cdc_core.o(.data)
    xQueueRegistry                           0x20012e2c   Data          64  queue.o(.bss)
    USART_InitStructure                      0x20012f5c   Data          16  usbd_cdc_vcp.o(.bss)
    AUDIO_MAL_DMA_InitStructure              0x20012fa8   Data          60  stm32f4_evb_audio_codec.o(.bss)
    USBD_StrDesc                             0x20012fe4   Data         255  usbd_req.o(.bss)
    USB_Rx_Buffer                            0x200130e3   Data         512  usbd_cdc_core.o(.bss)
    APP_Rx_Buffer                            0x200132e3   Data        2048  usbd_cdc_core.o(.bss)
    __initial_sp                             0x20013ee8   Data           0  startup_stm32f40xx.o(STACK)



==============================================================================

Memory Map of the image

  Image Entry point : 0x08000195

  Load Region LR_IROM1 (Base: 0x08000000, Size: 0x00006ca0, Max: 0x00100000, ABSOLUTE, COMPRESSED[0x00006b84])

    Execution Region ER_IROM1 (Base: 0x08000000, Size: 0x00006a74, Max: 0x00100000, ABSOLUTE)

    Base Addr    Size         Type   Attr      Idx    E Section Name        Object

    0x08000000   0x00000194   Data   RO         7509    RESET               startup_stm32f40xx.o
    0x08000194   0x00000000   Code   RO         9769  * .ARM.Collect$$$$00000000  mc_w.l(entry.o)
    0x08000194   0x00000004   Code   RO        10053    .ARM.Collect$$$$00000001  mc_w.l(entry2.o)
    0x08000198   0x00000004   Code   RO        10056    .ARM.Collect$$$$00000004  mc_w.l(entry5.o)
    0x0800019c   0x00000000   Code   RO        10058    .ARM.Collect$$$$00000008  mc_w.l(entry7b.o)
    0x0800019c   0x00000000   Code   RO        10060    .ARM.Collect$$$$0000000A  mc_w.l(entry8b.o)
    0x0800019c   0x00000008   Code   RO        10061    .ARM.Collect$$$$0000000B  mc_w.l(entry9a.o)
    0x080001a4   0x00000000   Code   RO        10063    .ARM.Collect$$$$0000000D  mc_w.l(entry10a.o)
    0x080001a4   0x00000000   Code   RO        10065    .ARM.Collect$$$$0000000F  mc_w.l(entry11a.o)
    0x080001a4   0x00000004   Code   RO        10054    .ARM.Collect$$$$00002712  mc_w.l(entry2.o)
    0x080001a8   0x000000c2   Code   RO          574    .emb_text           port.o
    0x0800026a   0x00000002   PAD
    0x0800026c   0x00000024   Code   RO         7510    .text               startup_stm32f40xx.o
    0x08000290   0x00000024   Code   RO         9774    .text               mc_w.l(memcpya.o)
    0x080002b4   0x00000024   Code   RO         9776    .text               mc_w.l(memseta.o)
    0x080002d8   0x00000024   Code   RO        10085    .text               mc_w.l(init.o)
    0x080002fc   0x00000056   Code   RO        10097    .text               mc_w.l(__dczerorl2.o)
    0x08000352   0x00000004   Code   RO          276    i.BusFault_Handler  stm32f4xx_it.o
    0x08000356   0x0000004a   Code   RO         8081    i.DCD_EP_Close      usb_dcd.o
    0x080003a0   0x00000068   Code   RO         8084    i.DCD_EP_Open       usb_dcd.o
    0x08000408   0x00000052   Code   RO         8085    i.DCD_EP_PrepareRx  usb_dcd.o
    0x0800045a   0x00000048   Code   RO         8087    i.DCD_EP_Stall      usb_dcd.o
    0x080004a2   0x0000004e   Code   RO         8088    i.DCD_EP_Tx         usb_dcd.o
    0x080004f0   0x000000c8   Code   RO         2544    i.DMA1_Stream4_IRQHandler  stm32f4_evb_audio_codec.o
    0x080005b8   0x00000034   Code   RO         3691    i.DMA_ClearFlag     stm32f4xx_dma.o
    0x080005ec   0x00000016   Code   RO         3693    i.DMA_Cmd           stm32f4xx_dma.o
    0x08000602   0x00000002   PAD
    0x08000604   0x000000cc   Code   RO         1794    i.DMA_Config        stm32f4_evb_lcd.o
    0x080006d0   0x00000158   Code   RO         3694    i.DMA_DeInit        stm32f4xx_dma.o
    0x08000828   0x00000014   Code   RO         3698    i.DMA_GetCmdStatus  stm32f4xx_dma.o
    0x0800083c   0x00000044   Code   RO         3702    i.DMA_GetFlagStatus  stm32f4xx_dma.o
    0x08000880   0x00000058   Code   RO         3705    i.DMA_Init          stm32f4xx_dma.o
    0x080008d8   0x00000002   Code   RO          277    i.DebugMon_Handler  stm32f4xx_it.o
    0x080008da   0x00000002   Code   RO            7    i.EVAL_AUDIO_TransferComplete_CallBack  main.o
    0x080008dc   0x00000034   Code   RO         4146    i.FSMC_NORSRAMCmd   stm32f4xx_fsmc.o
    0x08000910   0x000000e6   Code   RO         4148    i.FSMC_NORSRAMInit  stm32f4xx_fsmc.o
    0x080009f6   0x00000090   Code   RO         4264    i.GPIO_Init         stm32f4xx_gpio.o
    0x08000a86   0x00000046   Code   RO         4265    i.GPIO_PinAFConfig  stm32f4xx_gpio.o
    0x08000acc   0x000000d4   Code   RO         7775    i.Handle_USBAsynchXfer  usbd_cdc_core.o
    0x08000ba0   0x00000004   Code   RO          278    i.HardFault_Handler  stm32f4xx_it.o
    0x08000ba4   0x00000040   Code   RO         1795    i.LCD_Blending      stm32f4_evb_lcd.o
    0x08000be4   0x00000028   Code   RO         1796    i.LCD_Clear         stm32f4_evb_lcd.o
    0x08000c0c   0x000000f4   Code   RO         1800    i.LCD_Colorbar      stm32f4_evb_lcd.o
    0x08000d00   0x00000130   Code   RO         1801    i.LCD_CtrlLinesConfig  stm32f4_evb_lcd.o
    0x08000e30   0x00000030   Code   RO         1803    i.LCD_DisplayChar   stm32f4_evb_lcd.o
    0x08000e60   0x00000048   Code   RO         1806    i.LCD_DisplayStringLine  stm32f4_evb_lcd.o
    0x08000ea8   0x000000ac   Code   RO         1807    i.LCD_DrawChar      stm32f4_evb_lcd.o
    0x08000f54   0x00000062   Code   RO         1815    i.LCD_FSMCConfig    stm32f4_evb_lcd.o
    0x08000fb6   0x00000002   PAD
    0x08000fb8   0x0000000c   Code   RO         1818    i.LCD_GetFont       stm32f4_evb_lcd.o
    0x08000fc4   0x000000b8   Code   RO         1819    i.LCD_Init          stm32f4_evb_lcd.o
    0x0800107c   0x00000010   Code   RO         1825    i.LCD_SetBackColor  stm32f4_evb_lcd.o
    0x0800108c   0x0000000c   Code   RO         1829    i.LCD_SetFont       stm32f4_evb_lcd.o
    0x08001098   0x00000010   Code   RO         1830    i.LCD_SetTextColor  stm32f4_evb_lcd.o
    0x080010a8   0x000000fc   Code   RO            8    i.LCD_task          main.o
    0x080011a4   0x0000004e   Code   RO            9    i.LED_task          main.o
    0x080011f2   0x00000004   Code   RO          279    i.MemManage_Handler  stm32f4xx_it.o
    0x080011f6   0x00000002   Code   RO          280    i.NMI_Handler       stm32f4xx_it.o
    0x080011f8   0x00000078   Code   RO         2704    i.NVIC_Init         misc.o
    0x08001270   0x00000290   Code   RO         2073    i.PSRAM_Init        stm32f4_evb_fsmc_psram.o
    0x08001500   0x00000020   Code   RO         4919    i.RCC_AHB1PeriphClockCmd  stm32f4xx_rcc.o
    0x08001520   0x00000020   Code   RO         4922    i.RCC_AHB2PeriphClockCmd  stm32f4xx_rcc.o
    0x08001540   0x00000020   Code   RO         4925    i.RCC_AHB3PeriphClockCmd  stm32f4xx_rcc.o
    0x08001560   0x00000020   Code   RO         4931    i.RCC_APB2PeriphClockCmd  stm32f4xx_rcc.o
    0x08001580   0x000000e8   Code   RO         4940    i.RCC_GetClocksFreq  stm32f4xx_rcc.o
    0x08001668   0x00000110   Code   RO         1701    i.STM_EVAL_COMInit  stm32f4_evb.o
    0x08001778   0x0000004c   Code   RO         1702    i.STM_EVAL_LEDInit  stm32f4_evb.o
    0x080017c4   0x00000024   Code   RO         1705    i.STM_EVAL_LEDToggle  stm32f4_evb.o
    0x080017e8   0x000000ec   Code   RO         7410    i.SetSysClock       system_stm32f4xx.o
    0x080018d4   0x00000020   Code   RO          575    i.SysTick_Handler   port.o
    0x080018f4   0x00000068   Code   RO         7412    i.SystemInit        system_stm32f4xx.o
    0x0800195c   0x0000001c   Code   RO          281    i.USART1_IRQHandler  stm32f4xx_it.o
    0x08001978   0x0000002c   Code   RO         1261    i.USART3_IRQHandler  usbd_cdc_vcp.o
    0x080019a4   0x00000018   Code   RO         6643    i.USART_Cmd         stm32f4xx_usart.o
    0x080019bc   0x0000001a   Code   RO         6646    i.USART_GetFlagStatus  stm32f4xx_usart.o
    0x080019d6   0x00000054   Code   RO         6647    i.USART_GetITStatus  stm32f4xx_usart.o
    0x08001a2a   0x0000004a   Code   RO         6649    i.USART_ITConfig    stm32f4xx_usart.o
    0x08001a74   0x000000d4   Code   RO         6650    i.USART_Init        stm32f4xx_usart.o
    0x08001b48   0x0000000a   Code   RO         6657    i.USART_ReceiveData  stm32f4xx_usart.o
    0x08001b52   0x00000008   Code   RO         6660    i.USART_SendData    stm32f4xx_usart.o
    0x08001b5a   0x0000001e   Code   RO         7677    i.USBD_CtlError     usbd_req.o
    0x08001b78   0x0000002e   Code   RO         7622    i.USBD_CtlPrepareRx  usbd_ioreq.o
    0x08001ba6   0x0000002e   Code   RO         7624    i.USBD_CtlSendData  usbd_ioreq.o
    0x08001bd4   0x00000014   Code   RO         7680    i.USBD_GetLen       usbd_req.o
    0x08001be8   0x00000052   Code   RO         7682    i.USBD_GetString    usbd_req.o
    0x08001c3a   0x00000002   PAD
    0x08001c3c   0x00000034   Code   RO         1319    i.USBD_USR_ConfigStrDescriptor  usbd_desc.o
    0x08001c70   0x00000010   Code   RO         1320    i.USBD_USR_DeviceDescriptor  usbd_desc.o
    0x08001c80   0x00000038   Code   RO         1321    i.USBD_USR_InterfaceStrDescriptor  usbd_desc.o
    0x08001cb8   0x00000010   Code   RO         1322    i.USBD_USR_LangIDStrDescriptor  usbd_desc.o
    0x08001cc8   0x0000002c   Code   RO         1323    i.USBD_USR_ManufacturerStrDescriptor  usbd_desc.o
    0x08001cf4   0x00000070   Code   RO         1324    i.USBD_USR_ProductStrDescriptor  usbd_desc.o
    0x08001d64   0x00000048   Code   RO         1325    i.USBD_USR_SerialStrDescriptor  usbd_desc.o
    0x08001dac   0x00000010   Code   RO         7776    i.USBD_cdc_GetCfgDesc  usbd_cdc_core.o
    0x08001dbc   0x00000010   Code   RO         7777    i.USBD_cdc_GetOtherCfgDesc  usbd_cdc_core.o
    0x08001dcc   0x00000156   Code   RO         7857    i.USB_OTG_EP0StartXfer  usb_core.o
    0x08001f22   0x00000062   Code   RO         7858    i.USB_OTG_EP0_OutStart  usb_core.o
    0x08001f84   0x000000b0   Code   RO         7859    i.USB_OTG_EPActivate  usb_core.o
    0x08002034   0x00000076   Code   RO         7861    i.USB_OTG_EPDeactivate  usb_core.o
    0x080020aa   0x00000064   Code   RO         7862    i.USB_OTG_EPSetStall  usb_core.o
    0x0800210e   0x000001f6   Code   RO         7863    i.USB_OTG_EPStartXfer  usb_core.o
    0x08002304   0x00000040   Code   RO         7886    i.USB_OTG_WritePacket  usb_core.o
    0x08002344   0x00000004   Code   RO          282    i.UsageFault_Handler  stm32f4xx_it.o
    0x08002348   0x00000108   Code   RO         1262    i.VCP_COMConfig     usbd_cdc_vcp.o
    0x08002450   0x000000a8   Code   RO         1263    i.VCP_Ctrl          usbd_cdc_vcp.o
    0x080024f8   0x00000030   Code   RO         1264    i.VCP_DataRx        usbd_cdc_vcp.o
    0x08002528   0x00000064   Code   RO         1265    i.VCP_DataTx        usbd_cdc_vcp.o
    0x0800258c   0x00000004   Code   RO         1266    i.VCP_DeInit        usbd_cdc_vcp.o
    0x08002590   0x00000058   Code   RO         1267    i.VCP_Init          usbd_cdc_vcp.o
    0x080025e8   0x0000000e   Code   RO        10091    i.__scatterload_copy  mc_w.l(handlers.o)
    0x080025f6   0x00000002   Code   RO        10092    i.__scatterload_null  mc_w.l(handlers.o)
    0x080025f8   0x0000000e   Code   RO        10093    i.__scatterload_zeroinit  mc_w.l(handlers.o)
    0x08002606   0x00000002   PAD
    0x08002608   0x00000024   Code   RO         1836    i.delay             stm32f4_evb_lcd.o
    0x0800262c   0x000000c4   Code   RO           12    i.main              main.o
    0x080026f0   0x00000054   Code   RO          842    i.prvAddCurrentTaskToDelayedList  tasks.o
    0x08002744   0x0000003a   Code   RO          843    i.prvAllocateTCBAndStack  tasks.o
    0x0800277e   0x00000002   PAD
    0x08002780   0x00000074   Code   RO         1123    i.prvCheckForValidListAndQueue  timers.o
    0x080027f4   0x00000064   Code   RO          844    i.prvCheckTasksWaitingTermination  tasks.o
    0x08002858   0x0000002a   Code   RO          656    i.prvCopyDataFromQueue  queue.o
    0x08002882   0x00000076   Code   RO          657    i.prvCopyDataToQueue  queue.o
    0x080028f8   0x00000012   Code   RO          845    i.prvDeleteTCB      tasks.o
    0x0800290a   0x00000002   PAD
    0x0800290c   0x00000028   Code   RO         1124    i.prvGetNextExpireTime  timers.o
    0x08002934   0x0000001c   Code   RO          846    i.prvIdleTask       tasks.o
    0x08002950   0x00000056   Code   RO          847    i.prvInitialiseTCBVariables  tasks.o
    0x080029a6   0x00000002   PAD
    0x080029a8   0x00000068   Code   RO          848    i.prvInitialiseTaskLists  tasks.o
    0x08002a10   0x00000058   Code   RO         1125    i.prvInsertTimerInActiveList  timers.o
    0x08002a68   0x0000001a   Code   RO          658    i.prvIsQueueEmpty   queue.o
    0x08002a82   0x0000001e   Code   RO          659    i.prvIsQueueFull    queue.o
    0x08002aa0   0x00000058   Code   RO         1126    i.prvProcessExpiredTimer  timers.o
    0x08002af8   0x000000dc   Code   RO         1127    i.prvProcessReceivedCommands  timers.o
    0x08002bd4   0x0000004c   Code   RO         1128    i.prvProcessTimerOrBlockTask  timers.o
    0x08002c20   0x00000034   Code   RO          850    i.prvResetNextTaskUnblockTime  tasks.o
    0x08002c54   0x0000002c   Code   RO         1129    i.prvSampleTimeNow  timers.o
    0x08002c80   0x00000090   Code   RO         1130    i.prvSwitchTimerLists  timers.o
    0x08002d10   0x00000024   Code   RO          576    i.prvTaskExitError  port.o
    0x08002d34   0x0000001a   Code   RO         1131    i.prvTimerTask      timers.o
    0x08002d4e   0x0000007e   Code   RO          660    i.prvUnlockQueue    queue.o
    0x08002dcc   0x00000078   Code   RO          489    i.pvPortMalloc      heap_1.o
    0x08002e44   0x00000028   Code   RO          577    i.pxPortInitialiseStack  port.o
    0x08002e6c   0x00000090   Code   RO         7778    i.usbd_cdc_DataIn   usbd_cdc_core.o
    0x08002efc   0x0000003c   Code   RO         7779    i.usbd_cdc_DataOut  usbd_cdc_core.o
    0x08002f38   0x0000002c   Code   RO         7780    i.usbd_cdc_DeInit   usbd_cdc_core.o
    0x08002f64   0x00000038   Code   RO         7781    i.usbd_cdc_EP0_RxReady  usbd_cdc_core.o
    0x08002f9c   0x00000058   Code   RO         7782    i.usbd_cdc_Init     usbd_cdc_core.o
    0x08002ff4   0x00000028   Code   RO         7783    i.usbd_cdc_SOF      usbd_cdc_core.o
    0x0800301c   0x000000f4   Code   RO         7784    i.usbd_cdc_Setup    usbd_cdc_core.o
    0x08003110   0x00000028   Code   RO          530    i.uxListRemove      list.o
    0x08003138   0x00000002   Code   RO           13    i.vApplicationIdleHook  main.o
    0x0800313a   0x00000002   Code   RO           14    i.vApplicationMallocFailedHook  main.o
    0x0800313c   0x00000002   Code   RO           15    i.vApplicationTickHook  main.o
    0x0800313e   0x0000001a   Code   RO          531    i.vListInitialise   list.o
    0x08003158   0x00000006   Code   RO          532    i.vListInitialiseItem  list.o
    0x0800315e   0x00000034   Code   RO          533    i.vListInsert       list.o
    0x08003192   0x00000018   Code   RO          534    i.vListInsertEnd    list.o
    0x080031aa   0x00000002   PAD
    0x080031ac   0x00000020   Code   RO          579    i.vPortEnterCritical  port.o
    0x080031cc   0x0000002c   Code   RO          580    i.vPortExitCritical  port.o
    0x080031f8   0x00000018   Code   RO          490    i.vPortFree         heap_1.o
    0x08003210   0x00000020   Code   RO          581    i.vPortSetupTimerInterrupt  port.o
    0x08003230   0x0000005c   Code   RO          582    i.vPortValidateInterruptPriority  port.o
    0x0800328c   0x00000018   Code   RO          583    i.vPortYield        port.o
    0x080032a4   0x0000002c   Code   RO          666    i.vQueueAddToRegistry  queue.o
    0x080032d0   0x0000003a   Code   RO          670    i.vQueueWaitForMessageRestricted  queue.o
    0x0800330a   0x00000002   PAD
    0x0800330c   0x00000054   Code   RO          858    i.vTaskDelay        tasks.o
    0x08003360   0x0000000c   Code   RO          862    i.vTaskMissedYield  tasks.o
    0x0800336c   0x00000054   Code   RO          863    i.vTaskPlaceOnEventList  tasks.o
    0x080033c0   0x0000003c   Code   RO          864    i.vTaskPlaceOnEventListRestricted  tasks.o
    0x080033fc   0x00000058   Code   RO          866    i.vTaskPriorityDisinherit  tasks.o
    0x08003454   0x0000008c   Code   RO          867    i.vTaskPriorityInherit  tasks.o
    0x080034e0   0x00000024   Code   RO          871    i.vTaskSetTimeOutState  tasks.o
    0x08003504   0x00000060   Code   RO          872    i.vTaskStartScheduler  tasks.o
    0x08003564   0x00000010   Code   RO          874    i.vTaskSuspendAll   tasks.o
    0x08003574   0x00000090   Code   RO          875    i.vTaskSwitchContext  tasks.o
    0x08003604   0x000000b4   Code   RO          584    i.xPortStartScheduler  port.o
    0x080036b8   0x0000005c   Code   RO          673    i.xQueueGenericCreate  queue.o
    0x08003714   0x0000015a   Code   RO          674    i.xQueueGenericReceive  queue.o
    0x0800386e   0x00000078   Code   RO          675    i.xQueueGenericReset  queue.o
    0x080038e6   0x00000134   Code   RO          676    i.xQueueGenericSend  queue.o
    0x08003a1a   0x000000ac   Code   RO          677    i.xQueueGenericSendFromISR  queue.o
    0x08003ac6   0x00000002   PAD
    0x08003ac8   0x00000074   Code   RO          876    i.xTaskCheckForTimeOut  tasks.o
    0x08003b3c   0x00000138   Code   RO          877    i.xTaskGenericCreate  tasks.o
    0x08003c74   0x0000000c   Code   RO          878    i.xTaskGetCurrentTaskHandle  tasks.o
    0x08003c80   0x00000020   Code   RO          879    i.xTaskGetSchedulerState  tasks.o
    0x08003ca0   0x00000018   Code   RO          880    i.xTaskGetTickCount  tasks.o
    0x08003cb8   0x00000148   Code   RO          882    i.xTaskIncrementTick  tasks.o
    0x08003e00   0x00000088   Code   RO          883    i.xTaskRemoveFromEventList  tasks.o
    0x08003e88   0x000000e8   Code   RO          885    i.xTaskResumeAll    tasks.o
    0x08003f70   0x0000004c   Code   RO         1134    i.xTimerCreateTimerTask  timers.o
    0x08003fbc   0x0000006c   Code   RO         1135    i.xTimerGenericCommand  timers.o
    0x08004028   0x0000005c   Data   RO         1711    .constdata          stm32f4_evb.o
    0x08004084   0x000029d0   Data   RO         1837    .constdata          stm32f4_evb_lcd.o
    0x08006a54   0x00000020   Data   RO        10089    Region$$Table       anon$$obj.o


    Execution Region RW_IRAM1 (Base: 0x20000000, Size: 0x00013ee8, Max: 0x00020000, ABSOLUTE, COMPRESSED[0x00000110])

    Base Addr    Size         Type   Attr      Idx    E Section Name        Object

    0x20000000   0x00000008   Data   RW          494    .data               heap_1.o
    0x20000008   0x0000000c   Data   RW          585    .data               port.o
    0x20000014   0x00000038   Data   RW          888    .data               tasks.o
    0x2000004c   0x00000010   Data   RW         1138    .data               timers.o
    0x2000005c   0x0000001c   Data   RW         1269    .data               usbd_cdc_vcp.o
    0x20000078   0x0000003c   Data   RW         1326    .data               usbd_desc.o
    0x200000b4   0x0000002c   Data   RW         1712    .data               stm32f4_evb.o
    0x200000e0   0x0000002c   Data   RW         1838    .data               stm32f4_evb_lcd.o
    0x2000010c   0x00000019   Data   RW         2554    .data               stm32f4_evb_audio_codec.o
    0x20000125   0x00000010   Data   RW         4971    .data               stm32f4xx_rcc.o
    0x20000135   0x00000003   PAD
    0x20000138   0x00000014   Data   RW         7413    .data               system_stm32f4xx.o
    0x2000014c   0x000000e0   Data   RW         7786    .data               usbd_cdc_core.o
    0x2000022c   0x00012c00   Zero   RW          493    .bss                heap_1.o
    0x20012e2c   0x00000040   Zero   RW          684    .bss                queue.o
    0x20012e6c   0x000000c8   Zero   RW          887    .bss                tasks.o
    0x20012f34   0x00000028   Zero   RW         1137    .bss                timers.o
    0x20012f5c   0x00000010   Zero   RW         1268    .bss                usbd_cdc_vcp.o
    0x20012f6c   0x00000078   Zero   RW         2553    .bss                stm32f4_evb_audio_codec.o
    0x20012fe4   0x000000ff   Zero   RW         7690    .bss                usbd_req.o
    0x200130e3   0x00000a00   Zero   RW         7785    .bss                usbd_cdc_core.o
    0x20013ae3   0x00000005   PAD
    0x20013ae8   0x00000400   Zero   RW         7507    STACK               startup_stm32f40xx.o


==============================================================================

Image component sizes


      Code (inc. data)   RO Data    RW Data    ZI Data      Debug   Object Name

         0          0          0          0          0       3876   event_groups.o
       144         18          0          8      76800       2031   heap_1.o
       148          0          0          0          0       3310   list.o
       534        120          0          0          0     322914   main.o
       120         14          0          0          0       1244   misc.o
       706         92          0         12          0       8114   port.o
      1482          6          0          0         64      14161   queue.o
        36          8        404          0       1024        976   startup_stm32f40xx.o
       384         76         92         44          0       4155   stm32f4_evb.o
       200         20          0         25        120       1936   stm32f4_evb_audio_codec.o
       656         18          0          0          0       1017   stm32f4_evb_fsmc_psram.o
      1522        114      10704         44          0      13068   stm32f4_evb_lcd.o
       594         54          0          0          0       5749   stm32f4xx_dma.o
       282          6          0          0          0       2149   stm32f4xx_fsmc.o
       214          0          0          0          0       2087   stm32f4xx_gpio.o
        48          6          0          0          0      22307   stm32f4xx_it.o
       360         42          0         16          0       5900   stm32f4xx_rcc.o
       438          8          0          0          0       6253   stm32f4xx_usart.o
       340         32          0         20          0       1957   system_stm32f4xx.o
      2482        358          0         56        200      20104   tasks.o
      1026        104          0         16         40       8759   timers.o
      1400          0          0          0          0       6651   usb_core.o
       410          0          0          0          0       4303   usb_dcd.o
       920        124          0        224       2560      10432   usbd_cdc_core.o
       716         52          0         28         16       5556   usbd_cdc_vcp.o
       368        192          0         60          0       5908   usbd_desc.o
        92          0          0          0          0       1999   usbd_ioreq.o
       132          0          0          0        255       3108   usbd_req.o

    ----------------------------------------------------------------------
     15774       1464      11232        556      81084     490024   Object Totals
         0          0         32          0          0          0   (incl. Generated)
        20          0          0          3          5          0   (incl. Padding)

    ----------------------------------------------------------------------

      Code (inc. data)   RO Data    RW Data    ZI Data      Debug   Library Member Name

        86          0          0          0          0          0   __dczerorl2.o
         0          0          0          0          0          0   entry.o
         0          0          0          0          0          0   entry10a.o
         0          0          0          0          0          0   entry11a.o
         8          4          0          0          0          0   entry2.o
         4          0          0          0          0          0   entry5.o
         0          0          0          0          0          0   entry7b.o
         0          0          0          0          0          0   entry8b.o
         8          4          0          0          0          0   entry9a.o
        30          0          0          0          0          0   handlers.o
        36          8          0          0          0         68   init.o
        36          0          0          0          0         68   memcpya.o
        36          0          0          0          0        108   memseta.o

    ----------------------------------------------------------------------
       246         16          0          0          0        244   Library Totals
         2          0          0          0          0          0   (incl. Padding)

    ----------------------------------------------------------------------

      Code (inc. data)   RO Data    RW Data    ZI Data      Debug   Library Name

       244         16          0          0          0        244   mc_w.l

    ----------------------------------------------------------------------
       246         16          0          0          0        244   Library Totals

    ----------------------------------------------------------------------

==============================================================================


      Code (inc. data)   RO Data    RW Data    ZI Data      Debug   

     16020       1480      11232        556      81084     474600   Grand Totals
     16020       1480      11232        272      81084     474600   ELF Image Totals (compressed)
     16020       1480      11232        272          0          0   ROM Totals

==============================================================================

    Total RO  Size (Code + RO Data)                27252 (  26.61kB)
    Total RW  Size (RW Data + ZI Data)             81640 (  79.73kB)
    Total ROM Size (Code + RO Data + RW Data)      27524 (  26.88kB)

==============================================================================

