<html>
<body>
<pre>
<h1>µVision Build Log</h1>
<h2>Project:</h2>
C:\Users\Shiao\Desktop\FreeRTOS_STM32\STM32F4_EVB\Project\STM32F4_EVB_Demo\MDK-ARM\Project.uvproj
Project File Date:  07/15/2014

<h2>Output:</h2>
Build target 'STM32F4_EVB'
compiling main.c...
..\src\main.c(82): warning:  #177-D: variable "RCC_Clocks" was declared but never referenced
    RCC_ClocksTypeDef RCC_Clocks;
..\src\main.c(83): warning:  #177-D: variable "togglecounter" was declared but never referenced
    uint8_t togglecounter = 0x00;
..\src\main.c(147): warning:  #167-D: argument of type "signed char *" is incompatible with parameter of type "const char *const"
        xTaskCreate(LED_task,(signed portCHAR *) "Implement LED",512 /* stack size */, NULL, tskIDLE_PRIORITY + 3, NULL);
..\src\main.c(148): warning:  #167-D: argument of type "signed char *" is incompatible with parameter of type "const char *const"
        xTaskCreate(LCD_task,(signed portCHAR *) "Implement LED",512 /* stack size */, NULL, tskIDLE_PRIORITY + 2, NULL);
..\src\main.c(283): warning:  #1-D: last line of file ends without a newline
  }
..\src\main.c: 5 warnings, 0 errors
linking...
Program Size: Code=16020 RO-data=11232 RW-data=556 ZI-data=81084  
FromELF: creating hex file...
".\STM32F4_EVB\STM32F4_EVB_Demo.axf" - 0 Error(s), 5 Warning(s).
Load "C:\\Users\\Shiao\\Desktop\\FreeRTOS_STM32\\STM32F4_EVB\\Project\\STM32F4_EVB_Demo\\MDK-ARM\\STM32F4_EVB\\STM32F4_EVB_Demo.axf" 
Erase Done.
Programming Done.
Verify OK.
Load "C:\\Users\\Shiao\\Desktop\\FreeRTOS_STM32\\STM32F4_EVB\\Project\\STM32F4_EVB_Demo\\MDK-ARM\\STM32F4_EVB\\STM32F4_EVB_Demo.axf" 
Erase Done.
Programming Done.
Verify OK.
2f4_evb_lcd.c...
compiling stm32f4_evb_fsmc_psram.c...
compiling stm32f4_evb_i2c_ee.c...
compiling stm32f4_evb_i2c_tsc.c...
compiling stm32f4_evb_i2c_gsensor.c...
compiling stm32f4_evb_sdio_sd.c...
compiling stm32f4_evb_audio_codec.c...
compiling misc.c...
compiling stm32f4xx_adc.c...
compiling stm32f4xx_can.c...
compiling stm32f4xx_crc.c...
compiling stm32f4xx_cryp.c...
compiling stm32f4xx_cryp_aes.c...
compiling stm32f4xx_cryp_des.c...
compiling stm32f4xx_cryp_tdes.c...
compiling stm32f4xx_dac.c...
compiling stm32f4xx_dbgmcu.c...
compiling stm32f4xx_dcmi.c...
compiling stm32f4xx_dma.c...
compiling stm32f4xx_exti.c...
compiling stm32f4xx_flash.c...
compiling stm32f4xx_fsmc.c...
compiling stm32f4xx_gpio.c...
compiling stm32f4xx_hash.c...
compiling stm32f4xx_hash_md5.c...
compiling stm32f4xx_hash_sha1.c...
compiling stm32f4xx_i2c.c...
compiling stm32f4xx_iwdg.c...
compiling stm32f4xx_pwr.c...
compiling stm32f4xx_rcc.c...
compiling stm32f4xx_rng.c...
compiling stm32f4xx_rtc.c...
compiling stm32f4xx_sdio.c...
compiling stm32f4xx_spi.c...
compiling stm32f4xx_syscfg.c...
compiling stm32f4xx_tim.c...
compiling stm32f4xx_usart.c...
compiling stm32f4xx_wwdg.c...
compiling stm32f4x7_eth.c...
compiling system_stm32f4xx.c...
compiling lcd_log.c...
assembling startup_stm32f40xx.s...
compiling usbd_core.c...
compiling usbd_ioreq.c...
compiling usbd_req.c...
compiling usbd_cdc_core.c...
compiling usb_core.c...
compiling usb_dcd.c...
compiling usb_dcd_int.c...
compiling api_lib.c...
compiling api_msg.c...
compiling err.c...
compiling netbuf.c...
compiling netdb.c...
compiling netifapi.c...
compiling sockets.c...
compiling tcpip.c...
compiling dhcp.c...
compiling dns.c...
compiling init.c...
compiling mem.c...
..\..\..\Utilities\Third_Party\lwip_v1.3.2\src\core\mem.c(184): warning:  #550-D: variable "mem_sem" was set but never used
  static sys_sem_t mem_sem;
..\..\..\Utilities\Third_Party\lwip_v1.3.2\src\core\mem.c: 1 warning, 0 errors
compiling memp.c...
compiling netif.c...
compiling pbuf.c...
compiling raw.c...
compiling stats.c...
compiling sys.c...
compiling tcp.c...
compiling tcp_in.c...
compiling tcp_out.c...
..\..\..\Utilities\Third_Party\lwip_v1.3.2\src\core\tcp_out.c(465): warning:  #550-D: variable "tcphdr" was set but never used
    struct tcp_hdr *tcphdr;
..\..\..\Utilities\Third_Party\lwip_v1.3.2\src\core\tcp_out.c(935): warning:  #550-D: variable "tcphdr" was set but never used
    struct tcp_hdr *tcphdr;
..\..\..\Utilities\Third_Party\lwip_v1.3.2\src\core\tcp_out.c: 2 warnings, 0 errors
compiling udp.c...
compiling autoip.c...
compiling icmp.c...
compiling igmp.c...
compiling inet.c...
compiling inet_chksum.c...
compiling ip.c...
compiling ip_addr.c...
compiling ip_frag.c...
compiling etharp.c...
compiling loopif.c...
compiling slipif.c...
compiling ethernetif.c...
linking...
Program Size: Code=15272 RO-data=11232 RW-data=556 ZI-data=81084  
FromELF: creating hex file...
".\STM32F4_EVB\STM32F4_EVB_Demo.axf" - 0 Error(s), 9 Warning(s).
Load "C:\\Users\\Shiao\\Desktop\\FreeRTOS_STM32\\STM32F4_EVB\\Project\\STM32F4_EVB_Demo\\MDK-ARM\\STM32F4_EVB\\STM32F4_EVB_Demo.axf" 
Erase Done.
Programming Done.
Verify OK.
 and stm32f4xx_it.o).
Not enough information to list image symbols.
Not enough information to list the image map.
Finished: 2 information, 0 warning and 3 error messages.
".\STM32F4_EVB\STM32F4_EVB_Demo.axf" - 3 Error(s), 9 Warning(s).
Target not created
